#
# There is insufficient memory for the Java Runtime Environment to continue.
# Native memory allocation (mmap) failed to map 20971520 bytes for G1 virtual space
# Possible reasons:
#   The system is out of physical RAM or swap space
#   The process is running with CompressedOops enabled, and the Java Heap may be blocking the growth of the native heap
# Possible solutions:
#   Reduce memory load on the system
#   Increase physical memory or swap space
#   Check if swap backing store is full
#   Decrease Java heap size (-Xmx/-Xms)
#   Decrease number of Java threads
#   Decrease Java thread stack sizes (-Xss)
#   Set larger code cache with -XX:ReservedCodeCacheSize=
#   JVM is running with Unscaled Compressed Oops mode in which the Java heap is
#     placed in the first 4GB address space. The Java Heap base address is the
#     maximum limit for the native heap growth. Please use -XX:HeapBaseMinAddress
#     to set the Java Heap base and to place the Java Heap above 4GB virtual address.
# This output file may be truncated or incomplete.
#
#  Out of Memory Error (os_windows.cpp:3600), pid=1468, tid=20652
#
# JRE version: Java(TM) SE Runtime Environment (21.0.3+7) (build 21.0.3+7-LTS-152)
# Java VM: Java HotSpot(TM) 64-Bit Server VM (21.0.3+7-LTS-152, mixed mode, sharing, tiered, compressed oops, compressed class ptrs, g1 gc, windows-amd64)
# No core dump will be written. Minidumps are not enabled by default on client versions of Windows
#

---------------  S U M M A R Y ------------

Command Line: --enable-native-access=ALL-UNNAMED -Dclassworlds.conf=C:\Users\Admin\Downloads\apache-maven-3.9.11\bin\m2.conf -Dmaven.home=C:\Users\Admin\Downloads\apache-maven-3.9.11 -Dlibrary.jansi.path=C:\Users\Admin\Downloads\apache-maven-3.9.11\lib\jansi-native -Dmaven.multiModuleProjectDirectory=C:\Users\Admin\E-Banking__3.0\transaction-service org.codehaus.plexus.classworlds.launcher.Launcher spring-boot:run

Host: Intel(R) Core(TM) i5-6300U CPU @ 2.40GHz, 4 cores, 7G,  Windows 10 , 64 bit Build 19041 (10.0.19041.5915)
Time: Mon Jan  5 10:20:20 2026 Morocco Summer Time elapsed time: 20.659585 seconds (0d 0h 0m 20s)

---------------  T H R E A D  ---------------

Current thread (0x000001b7d125a650):  VMThread "VM Thread"          [id=20652, stack(0x0000000a06900000,0x0000000a06a00000) (1024K)]

Stack: [0x0000000a06900000,0x0000000a06a00000]
Native frames: (J=compiled Java code, j=interpreted, Vv=VM code, C=native code)
V  [jvm.dll+0x6c63b9]
V  [jvm.dll+0x84fa11]
V  [jvm.dll+0x851f3e]
V  [jvm.dll+0x852613]
V  [jvm.dll+0x27cd46]
V  [jvm.dll+0x6c2b55]
V  [jvm.dll+0x6b76da]
V  [jvm.dll+0x35051a]
V  [jvm.dll+0x358176]
V  [jvm.dll+0x3aa84e]
V  [jvm.dll+0x3aaaf8]
V  [jvm.dll+0x32491c]
V  [jvm.dll+0x3249a7]
V  [jvm.dll+0x36923c]
V  [jvm.dll+0x367a7e]
V  [jvm.dll+0x324091]
V  [jvm.dll+0x36719a]
V  [jvm.dll+0x857fd0]
V  [jvm.dll+0x8590d4]
V  [jvm.dll+0x859610]
V  [jvm.dll+0x8598b3]
V  [jvm.dll+0x7f9ffb]
V  [jvm.dll+0x6c4a9d]
C  [ucrtbase.dll+0x21bb2]
C  [KERNEL32.DLL+0x17374]
C  [ntdll.dll+0x4cc91]

VM_Operation (0x0000000a062fd040): G1CollectForAllocation, mode: safepoint, requested by thread 0x000001b7b32912b0


---------------  P R O C E S S  ---------------

Threads class SMR info:
_java_thread_list=0x000001b818479c40, length=13, elements={
0x000001b7b32912b0, 0x000001b7d1279eb0, 0x000001b7d127ad80, 0x000001b7d127db10,
0x000001b7d127e570, 0x000001b7d127efd0, 0x000001b7d127fa30, 0x000001b7d1282b30,
0x000001b7d1283e40, 0x000001b7d14d4ea0, 0x000001b7d14d7f00, 0x000001b81734cb70,
0x000001b7d1d84750
}

Java Threads: ( => current thread )
  0x000001b7b32912b0 JavaThread "main"                              [_thread_blocked, id=9332, stack(0x0000000a06200000,0x0000000a06300000) (1024K)]
  0x000001b7d1279eb0 JavaThread "Reference Handler"          daemon [_thread_blocked, id=3520, stack(0x0000000a06a00000,0x0000000a06b00000) (1024K)]
  0x000001b7d127ad80 JavaThread "Finalizer"                  daemon [_thread_blocked, id=21200, stack(0x0000000a06b00000,0x0000000a06c00000) (1024K)]
  0x000001b7d127db10 JavaThread "Signal Dispatcher"          daemon [_thread_blocked, id=16636, stack(0x0000000a06c00000,0x0000000a06d00000) (1024K)]
  0x000001b7d127e570 JavaThread "Attach Listener"            daemon [_thread_blocked, id=9856, stack(0x0000000a06d00000,0x0000000a06e00000) (1024K)]
  0x000001b7d127efd0 JavaThread "Service Thread"             daemon [_thread_blocked, id=19768, stack(0x0000000a06e00000,0x0000000a06f00000) (1024K)]
  0x000001b7d127fa30 JavaThread "Monitor Deflation Thread"   daemon [_thread_blocked, id=22180, stack(0x0000000a06f00000,0x0000000a07000000) (1024K)]
  0x000001b7d1282b30 JavaThread "C2 CompilerThread0"         daemon [_thread_in_native, id=15292, stack(0x0000000a07000000,0x0000000a07100000) (1024K)]
  0x000001b7d1283e40 JavaThread "C1 CompilerThread0"         daemon [_thread_blocked, id=22304, stack(0x0000000a07100000,0x0000000a07200000) (1024K)]
  0x000001b7d14d4ea0 JavaThread "Notification Thread"        daemon [_thread_blocked, id=14624, stack(0x0000000a07200000,0x0000000a07300000) (1024K)]
  0x000001b7d14d7f00 JavaThread "Common-Cleaner"             daemon [_thread_blocked, id=22772, stack(0x0000000a07300000,0x0000000a07400000) (1024K)]
  0x000001b81734cb70 JavaThread "Thread-1"                   daemon [_thread_blocked, id=22980, stack(0x0000000a07700000,0x0000000a07800000) (1024K)]
  0x000001b7d1d84750 JavaThread "C2 CompilerThread1"         daemon [_thread_blocked, id=23104, stack(0x0000000a07800000,0x0000000a07900000) (1024K)]
Total: 13

Other Threads:
=>0x000001b7d125a650 VMThread "VM Thread"                           [id=20652, stack(0x0000000a06900000,0x0000000a06a00000) (1024K)]
  0x000001b7d1241f90 WatcherThread "VM Periodic Task Thread"        [id=23432, stack(0x0000000a06800000,0x0000000a06900000) (1024K)]
  0x000001b7b5481280 WorkerThread "GC Thread#0"                     [id=2180, stack(0x0000000a06300000,0x0000000a06400000) (1024K)]
  0x000001b7d1e73cb0 WorkerThread "GC Thread#1"                     [id=21888, stack(0x0000000a07400000,0x0000000a07500000) (1024K)]
  0x000001b7d1e74a60 WorkerThread "GC Thread#2"                     [id=14008, stack(0x0000000a07500000,0x0000000a07600000) (1024K)]
  0x000001b7d1e87b70 WorkerThread "GC Thread#3"                     [id=16020, stack(0x0000000a07600000,0x0000000a07700000) (1024K)]
  0x000001b7b5490fd0 ConcurrentGCThread "G1 Main Marker"            [id=19556, stack(0x0000000a06400000,0x0000000a06500000) (1024K)]
  0x000001b7b5492170 WorkerThread "G1 Conc#0"                       [id=17572, stack(0x0000000a06500000,0x0000000a06600000) (1024K)]
  0x000001b7d11150c0 ConcurrentGCThread "G1 Refine#0"               [id=20904, stack(0x0000000a06600000,0x0000000a06700000) (1024K)]
  0x000001b7d11158e0 ConcurrentGCThread "G1 Service"                [id=20980, stack(0x0000000a06700000,0x0000000a06800000) (1024K)]
Total: 10

Threads with active compile tasks:
C2 CompilerThread0    20735 7395       4       org.apache.maven.model.inheritance.DefaultInheritanceAssembler$InheritanceModelMerger::mergePluginContainer_Plugins (433 bytes)
Total: 1

VM state: at safepoint (normal execution)

VM Mutex/Monitor currently owned by a thread:  ([mutex/lock_event])
[0x00007ffe69622da8] Threads_lock - owner thread: 0x000001b7d125a650
[0x00007ffe69622ea8] Heap_lock - owner thread: 0x000001b7b32912b0

Heap address: 0x0000000089a00000, size: 1894 MB, Compressed Oops mode: 32-bit

CDS archive(s) mapped at: [0x000001b7d2000000-0x000001b7d2c90000-0x000001b7d2c90000), size 13172736, SharedBaseAddress: 0x000001b7d2000000, ArchiveRelocationMode: 1.
Compressed class space mapped at: 0x000001b7d3000000-0x000001b813000000, reserved size: 1073741824
Narrow klass base: 0x000001b7d2000000, Narrow klass shift: 0, Narrow klass range: 0x100000000

GC Precious Log:
 CardTable entry size: 512
 Card Set container configuration: InlinePtr #cards 5 size 8 Array Of Cards #cards 12 size 40 Howl #buckets 4 coarsen threshold 1843 Howl Bitmap #cards 512 size 80 coarsen threshold 460 Card regions per heap region 1 cards per card region 2048
 CPUs: 4 total, 4 available
 Memory: 7572M
 Large Page Support: Disabled
 NUMA Support: Disabled
 Compressed Oops: Enabled (32-bit)
 Heap Region Size: 1M
 Heap Min Capacity: 8M
 Heap Initial Capacity: 120M
 Heap Max Capacity: 1894M
 Pre-touch: Disabled
 Parallel Workers: 4
 Concurrent Workers: 1
 Concurrent Refinement Workers: 4
 Periodic GC: Disabled

Heap:
 garbage-first heap   total 98304K, used 51200K [0x0000000089a00000, 0x0000000100000000)
  region size 1024K, 2 young (2048K), 2 survivors (2048K)
 Metaspace       used 28723K, committed 29120K, reserved 1114112K
  class space    used 3214K, committed 3392K, reserved 1048576K

Heap Regions: E=young(eden), S=young(survivor), O=old, HS=humongous(starts), HC=humongous(continues), CS=collection set, F=free, TAMS=top-at-mark-start, PB=parsable bottom
|   0|0x0000000089a00000, 0x0000000089b00000, 0x0000000089b00000|100%| O|  |TAMS 0x0000000089b00000| PB 0x0000000089a00000| Untracked 
|   1|0x0000000089b00000, 0x0000000089c00000, 0x0000000089c00000|100%| O|  |TAMS 0x0000000089c00000| PB 0x0000000089b00000| Untracked 
|   2|0x0000000089c00000, 0x0000000089d00000, 0x0000000089d00000|100%| O|  |TAMS 0x0000000089d00000| PB 0x0000000089c00000| Untracked 
|   3|0x0000000089d00000, 0x0000000089e00000, 0x0000000089e00000|100%| O|  |TAMS 0x0000000089e00000| PB 0x0000000089d00000| Untracked 
|   4|0x0000000089e00000, 0x0000000089f00000, 0x0000000089f00000|100%| O|  |TAMS 0x0000000089f00000| PB 0x0000000089e00000| Untracked 
|   5|0x0000000089f00000, 0x000000008a000000, 0x000000008a000000|100%| O|  |TAMS 0x000000008a000000| PB 0x0000000089f00000| Untracked 
|   6|0x000000008a000000, 0x000000008a100000, 0x000000008a100000|100%| O|  |TAMS 0x000000008a100000| PB 0x000000008a000000| Untracked 
|   7|0x000000008a100000, 0x000000008a200000, 0x000000008a200000|100%| O|  |TAMS 0x000000008a200000| PB 0x000000008a100000| Untracked 
|   8|0x000000008a200000, 0x000000008a300000, 0x000000008a300000|100%| O|  |TAMS 0x000000008a300000| PB 0x000000008a200000| Untracked 
|   9|0x000000008a300000, 0x000000008a400000, 0x000000008a400000|100%| O|  |TAMS 0x000000008a400000| PB 0x000000008a300000| Untracked 
|  10|0x000000008a400000, 0x000000008a500000, 0x000000008a500000|100%| O|  |TAMS 0x000000008a500000| PB 0x000000008a400000| Untracked 
|  11|0x000000008a500000, 0x000000008a600000, 0x000000008a600000|100%| O|  |TAMS 0x000000008a600000| PB 0x000000008a500000| Untracked 
|  12|0x000000008a600000, 0x000000008a700000, 0x000000008a700000|100%| O|  |TAMS 0x000000008a700000| PB 0x000000008a600000| Untracked 
|  13|0x000000008a700000, 0x000000008a800000, 0x000000008a800000|100%| O|  |TAMS 0x000000008a800000| PB 0x000000008a700000| Untracked 
|  14|0x000000008a800000, 0x000000008a900000, 0x000000008a900000|100%| O|  |TAMS 0x000000008a900000| PB 0x000000008a800000| Untracked 
|  15|0x000000008a900000, 0x000000008aa00000, 0x000000008aa00000|100%| O|  |TAMS 0x000000008aa00000| PB 0x000000008a900000| Untracked 
|  16|0x000000008aa00000, 0x000000008ab00000, 0x000000008ab00000|100%| O|  |TAMS 0x000000008ab00000| PB 0x000000008aa00000| Untracked 
|  17|0x000000008ab00000, 0x000000008ac00000, 0x000000008ac00000|100%| O|  |TAMS 0x000000008ac00000| PB 0x000000008ab00000| Untracked 
|  18|0x000000008ac00000, 0x000000008ad00000, 0x000000008ad00000|100%| O|  |TAMS 0x000000008ac00000| PB 0x000000008ac00000| Untracked 
|  19|0x000000008ad00000, 0x000000008ad00000, 0x000000008ae00000|  0%| F|  |TAMS 0x000000008ad00000| PB 0x000000008ad00000| Untracked 
|  20|0x000000008ae00000, 0x000000008af00000, 0x000000008af00000|100%|HS|  |TAMS 0x000000008af00000| PB 0x000000008ae00000| Complete 
|  21|0x000000008af00000, 0x000000008b000000, 0x000000008b000000|100%|HS|  |TAMS 0x000000008b000000| PB 0x000000008af00000| Complete 
|  22|0x000000008b000000, 0x000000008b100000, 0x000000008b100000|100%| O|  |TAMS 0x000000008b100000| PB 0x000000008b000000| Untracked 
|  23|0x000000008b100000, 0x000000008b200000, 0x000000008b200000|100%| O|  |TAMS 0x000000008b200000| PB 0x000000008b100000| Untracked 
|  24|0x000000008b200000, 0x000000008b300000, 0x000000008b300000|100%| O|  |TAMS 0x000000008b300000| PB 0x000000008b200000| Untracked 
|  25|0x000000008b300000, 0x000000008b400000, 0x000000008b400000|100%| O|  |TAMS 0x000000008b400000| PB 0x000000008b300000| Untracked 
|  26|0x000000008b400000, 0x000000008b500000, 0x000000008b500000|100%| O|  |TAMS 0x000000008b500000| PB 0x000000008b400000| Untracked 
|  27|0x000000008b500000, 0x000000008b600000, 0x000000008b600000|100%| O|  |TAMS 0x000000008b600000| PB 0x000000008b500000| Untracked 
|  28|0x000000008b600000, 0x000000008b700000, 0x000000008b700000|100%| O|  |TAMS 0x000000008b600000| PB 0x000000008b600000| Untracked 
|  29|0x000000008b700000, 0x000000008b800000, 0x000000008b800000|100%| O|  |TAMS 0x000000008b700000| PB 0x000000008b700000| Untracked 
|  30|0x000000008b800000, 0x000000008b900000, 0x000000008b900000|100%| O|  |TAMS 0x000000008b800000| PB 0x000000008b800000| Untracked 
|  31|0x000000008b900000, 0x000000008ba00000, 0x000000008ba00000|100%| O|  |TAMS 0x000000008b900000| PB 0x000000008b900000| Untracked 
|  32|0x000000008ba00000, 0x000000008ba00000, 0x000000008bb00000|  0%| F|  |TAMS 0x000000008ba00000| PB 0x000000008ba00000| Untracked 
|  33|0x000000008bb00000, 0x000000008bb00000, 0x000000008bc00000|  0%| F|  |TAMS 0x000000008bb00000| PB 0x000000008bb00000| Untracked 
|  34|0x000000008bc00000, 0x000000008bc00000, 0x000000008bd00000|  0%| F|  |TAMS 0x000000008bc00000| PB 0x000000008bc00000| Untracked 
|  35|0x000000008bd00000, 0x000000008be00000, 0x000000008be00000|100%| O|  |TAMS 0x000000008be00000| PB 0x000000008bd00000| Untracked 
|  36|0x000000008be00000, 0x000000008bf00000, 0x000000008bf00000|100%| O|  |TAMS 0x000000008bf00000| PB 0x000000008be00000| Untracked 
|  37|0x000000008bf00000, 0x000000008c000000, 0x000000008c000000|100%| O|  |TAMS 0x000000008c000000| PB 0x000000008bf00000| Untracked 
|  38|0x000000008c000000, 0x000000008c100000, 0x000000008c100000|100%| O|  |TAMS 0x000000008c100000| PB 0x000000008c000000| Untracked 
|  39|0x000000008c100000, 0x000000008c200000, 0x000000008c200000|100%| O|  |TAMS 0x000000008c200000| PB 0x000000008c100000| Untracked 
|  40|0x000000008c200000, 0x000000008c300000, 0x000000008c300000|100%| O|  |TAMS 0x000000008c300000| PB 0x000000008c200000| Untracked 
|  41|0x000000008c300000, 0x000000008c400000, 0x000000008c400000|100%| O|  |TAMS 0x000000008c400000| PB 0x000000008c300000| Untracked 
|  42|0x000000008c400000, 0x000000008c500000, 0x000000008c500000|100%| O|  |TAMS 0x000000008c480000| PB 0x000000008c400000| Untracked 
|  43|0x000000008c500000, 0x000000008c500000, 0x000000008c600000|  0%| F|  |TAMS 0x000000008c500000| PB 0x000000008c500000| Untracked 
|  44|0x000000008c600000, 0x000000008c600000, 0x000000008c700000|  0%| F|  |TAMS 0x000000008c600000| PB 0x000000008c600000| Untracked 
|  45|0x000000008c700000, 0x000000008c700000, 0x000000008c800000|  0%| F|  |TAMS 0x000000008c700000| PB 0x000000008c700000| Untracked 
|  46|0x000000008c800000, 0x000000008c800000, 0x000000008c900000|  0%| F|  |TAMS 0x000000008c800000| PB 0x000000008c800000| Untracked 
|  47|0x000000008c900000, 0x000000008c900000, 0x000000008ca00000|  0%| F|  |TAMS 0x000000008c900000| PB 0x000000008c900000| Untracked 
|  48|0x000000008ca00000, 0x000000008ca00000, 0x000000008cb00000|  0%| F|  |TAMS 0x000000008ca00000| PB 0x000000008ca00000| Untracked 
|  49|0x000000008cb00000, 0x000000008cb00000, 0x000000008cc00000|  0%| F|  |TAMS 0x000000008cb00000| PB 0x000000008cb00000| Untracked 
|  50|0x000000008cc00000, 0x000000008cc00000, 0x000000008cd00000|  0%| F|  |TAMS 0x000000008cc00000| PB 0x000000008cc00000| Untracked 
|  51|0x000000008cd00000, 0x000000008cd00000, 0x000000008ce00000|  0%| F|  |TAMS 0x000000008cd00000| PB 0x000000008cd00000| Untracked 
|  52|0x000000008ce00000, 0x000000008ce00000, 0x000000008cf00000|  0%| F|  |TAMS 0x000000008ce00000| PB 0x000000008ce00000| Untracked 
|  53|0x000000008cf00000, 0x000000008cf00000, 0x000000008d000000|  0%| F|  |TAMS 0x000000008cf00000| PB 0x000000008cf00000| Untracked 
|  54|0x000000008d000000, 0x000000008d000000, 0x000000008d100000|  0%| F|  |TAMS 0x000000008d000000| PB 0x000000008d000000| Untracked 
|  55|0x000000008d100000, 0x000000008d200000, 0x000000008d200000|100%| S|CS|TAMS 0x000000008d100000| PB 0x000000008d100000| Complete 
|  56|0x000000008d200000, 0x000000008d300000, 0x000000008d300000|100%| S|CS|TAMS 0x000000008d200000| PB 0x000000008d200000| Complete 
|  57|0x000000008d300000, 0x000000008d300000, 0x000000008d400000|  0%| F|  |TAMS 0x000000008d300000| PB 0x000000008d300000| Untracked 
|  58|0x000000008d400000, 0x000000008d400000, 0x000000008d500000|  0%| F|  |TAMS 0x000000008d400000| PB 0x000000008d400000| Untracked 
|  59|0x000000008d500000, 0x000000008d500000, 0x000000008d600000|  0%| F|  |TAMS 0x000000008d500000| PB 0x000000008d500000| Untracked 
|  60|0x000000008d600000, 0x000000008d600000, 0x000000008d700000|  0%| F|  |TAMS 0x000000008d600000| PB 0x000000008d600000| Untracked 
|  61|0x000000008d700000, 0x000000008d700000, 0x000000008d800000|  0%| F|  |TAMS 0x000000008d700000| PB 0x000000008d700000| Untracked 
|  62|0x000000008d800000, 0x000000008d800000, 0x000000008d900000|  0%| F|  |TAMS 0x000000008d800000| PB 0x000000008d800000| Untracked 
|  63|0x000000008d900000, 0x000000008d900000, 0x000000008da00000|  0%| F|  |TAMS 0x000000008d900000| PB 0x000000008d900000| Untracked 
|  64|0x000000008da00000, 0x000000008da00000, 0x000000008db00000|  0%| F|  |TAMS 0x000000008da00000| PB 0x000000008da00000| Untracked 
|  65|0x000000008db00000, 0x000000008db00000, 0x000000008dc00000|  0%| F|  |TAMS 0x000000008db00000| PB 0x000000008db00000| Untracked 
|  66|0x000000008dc00000, 0x000000008dc00000, 0x000000008dd00000|  0%| F|  |TAMS 0x000000008dc00000| PB 0x000000008dc00000| Untracked 
|  67|0x000000008dd00000, 0x000000008dd00000, 0x000000008de00000|  0%| F|  |TAMS 0x000000008dd00000| PB 0x000000008dd00000| Untracked 
|  68|0x000000008de00000, 0x000000008de00000, 0x000000008df00000|  0%| F|  |TAMS 0x000000008de00000| PB 0x000000008de00000| Untracked 
|  69|0x000000008df00000, 0x000000008df00000, 0x000000008e000000|  0%| F|  |TAMS 0x000000008df00000| PB 0x000000008df00000| Untracked 
|  70|0x000000008e000000, 0x000000008e000000, 0x000000008e100000|  0%| F|  |TAMS 0x000000008e000000| PB 0x000000008e000000| Untracked 
|  71|0x000000008e100000, 0x000000008e100000, 0x000000008e200000|  0%| F|  |TAMS 0x000000008e100000| PB 0x000000008e100000| Untracked 
|  72|0x000000008e200000, 0x000000008e200000, 0x000000008e300000|  0%| F|  |TAMS 0x000000008e200000| PB 0x000000008e200000| Untracked 
|  73|0x000000008e300000, 0x000000008e300000, 0x000000008e400000|  0%| F|  |TAMS 0x000000008e300000| PB 0x000000008e300000| Untracked 
|  74|0x000000008e400000, 0x000000008e400000, 0x000000008e500000|  0%| F|  |TAMS 0x000000008e400000| PB 0x000000008e400000| Untracked 
|  75|0x000000008e500000, 0x000000008e500000, 0x000000008e600000|  0%| F|  |TAMS 0x000000008e500000| PB 0x000000008e500000| Untracked 
|  76|0x000000008e600000, 0x000000008e600000, 0x000000008e700000|  0%| F|  |TAMS 0x000000008e600000| PB 0x000000008e600000| Untracked 
|  77|0x000000008e700000, 0x000000008e700000, 0x000000008e800000|  0%| F|  |TAMS 0x000000008e700000| PB 0x000000008e700000| Untracked 
|  78|0x000000008e800000, 0x000000008e800000, 0x000000008e900000|  0%| F|  |TAMS 0x000000008e800000| PB 0x000000008e800000| Untracked 
|  79|0x000000008e900000, 0x000000008e900000, 0x000000008ea00000|  0%| F|  |TAMS 0x000000008e900000| PB 0x000000008e900000| Untracked 
|  80|0x000000008ea00000, 0x000000008ea00000, 0x000000008eb00000|  0%| F|  |TAMS 0x000000008ea00000| PB 0x000000008ea00000| Untracked 
|  81|0x000000008eb00000, 0x000000008eb00000, 0x000000008ec00000|  0%| F|  |TAMS 0x000000008eb00000| PB 0x000000008eb00000| Untracked 
|  82|0x000000008ec00000, 0x000000008ec00000, 0x000000008ed00000|  0%| F|  |TAMS 0x000000008ec00000| PB 0x000000008ec00000| Untracked 
|  83|0x000000008ed00000, 0x000000008ed00000, 0x000000008ee00000|  0%| F|  |TAMS 0x000000008ed00000| PB 0x000000008ed00000| Untracked 
|  84|0x000000008ee00000, 0x000000008ee00000, 0x000000008ef00000|  0%| F|  |TAMS 0x000000008ee00000| PB 0x000000008ee00000| Untracked 
|  85|0x000000008ef00000, 0x000000008ef00000, 0x000000008f000000|  0%| F|  |TAMS 0x000000008ef00000| PB 0x000000008ef00000| Untracked 
| 119|0x0000000091100000, 0x0000000091100000, 0x0000000091200000|  0%| F|  |TAMS 0x0000000091100000| PB 0x0000000091100000| Untracked 
|1885|0x00000000ff700000, 0x00000000ff800000, 0x00000000ff800000|100%| O|  |TAMS 0x00000000ff800000| PB 0x00000000ff700000| Untracked 
|1886|0x00000000ff800000, 0x00000000ff900000, 0x00000000ff900000|100%| O|  |TAMS 0x00000000ff900000| PB 0x00000000ff800000| Untracked 
|1887|0x00000000ff900000, 0x00000000ffa00000, 0x00000000ffa00000|100%| O|  |TAMS 0x00000000ffa00000| PB 0x00000000ff900000| Untracked 
|1888|0x00000000ffa00000, 0x00000000ffb00000, 0x00000000ffb00000|100%| O|  |TAMS 0x00000000ffb00000| PB 0x00000000ffa00000| Untracked 
|1889|0x00000000ffb00000, 0x00000000ffc00000, 0x00000000ffc00000|100%| O|  |TAMS 0x00000000ffc00000| PB 0x00000000ffb00000| Untracked 
|1890|0x00000000ffc00000, 0x00000000ffd00000, 0x00000000ffd00000|100%| O|  |TAMS 0x00000000ffd00000| PB 0x00000000ffc00000| Untracked 
|1891|0x00000000ffd00000, 0x00000000ffe00000, 0x00000000ffe00000|100%| O|  |TAMS 0x00000000ffe00000| PB 0x00000000ffd00000| Untracked 
|1892|0x00000000ffe00000, 0x00000000fff00000, 0x00000000fff00000|100%| O|  |TAMS 0x00000000fff00000| PB 0x00000000ffe00000| Untracked 
|1893|0x00000000fff00000, 0x0000000100000000, 0x0000000100000000|100%| O|  |TAMS 0x0000000100000000| PB 0x00000000fff00000| Untracked 

Card table byte_map: [0x000001b7ccc70000,0x000001b7cd030000] _byte_map_base: 0x000001b7cc823000

Marking Bits: (CMBitMap*) 0x000001b7b5481880
 Bits: [0x000001b7cd030000, 0x000001b7cedc8000)

Polling page: 0x000001b7b33d0000

Metaspace:

Usage:
  Non-class:     24.91 MB used.
      Class:      3.14 MB used.
       Both:     28.05 MB used.

Virtual space:
  Non-class space:       64.00 MB reserved,      25.12 MB ( 39%) committed,  1 nodes.
      Class space:        1.00 GB reserved,       3.31 MB ( <1%) committed,  1 nodes.
             Both:        1.06 GB reserved,      28.44 MB (  3%) committed. 

Chunk freelists:
   Non-Class:  6.83 MB
       Class:  12.66 MB
        Both:  19.49 MB

MaxMetaspaceSize: unlimited
CompressedClassSpaceSize: 1.00 GB
Initial GC threshold: 21.00 MB
Current GC threshold: 36.25 MB
CDS: on
 - commit_granule_bytes: 65536.
 - commit_granule_words: 8192.
 - virtual_space_node_default_size: 8388608.
 - enlarge_chunks_in_place: 1.
 - use_allocation_guard: 0.


Internal statistics:

num_allocs_failed_limit: 9.
num_arena_births: 300.
num_arena_deaths: 0.
num_vsnodes_births: 2.
num_vsnodes_deaths: 0.
num_space_committed: 455.
num_space_uncommitted: 0.
num_chunks_returned_to_freelist: 9.
num_chunks_taken_from_freelist: 1278.
num_chunk_merges: 9.
num_chunk_splits: 937.
num_chunks_enlarged: 759.
num_inconsistent_stats: 0.

CodeHeap 'non-profiled nmethods': size=120000Kb used=4492Kb max_used=4492Kb free=115508Kb
 bounds [0x000001b7c5380000, 0x000001b7c57f0000, 0x000001b7cc8b0000]
CodeHeap 'profiled nmethods': size=120000Kb used=17386Kb max_used=17386Kb free=102613Kb
 bounds [0x000001b7bd8b0000, 0x000001b7be9b0000, 0x000001b7c4de0000]
CodeHeap 'non-nmethods': size=5760Kb used=1451Kb max_used=1535Kb free=4308Kb
 bounds [0x000001b7c4de0000, 0x000001b7c5050000, 0x000001b7c5380000]
 total_blobs=8096 nmethods=7560 adapters=440
 compilation: enabled
              stopped_count=0, restarted_count=0
 full_count=0

Compilation events (20 events):
Event: 20.449 Thread 0x000001b7d1283e40 nmethod 7556 0x000001b7be9a7110 code [0x000001b7be9a72e0, 0x000001b7be9a7760]
Event: 20.449 Thread 0x000001b7d1283e40 7557       3       org.eclipse.aether.util.graph.transformer.NearestVersionSelector::isAcceptable (48 bytes)
Event: 20.450 Thread 0x000001b7d1283e40 nmethod 7557 0x000001b7be9a7890 code [0x000001b7be9a7ae0, 0x000001b7be9a85a8]
Event: 20.450 Thread 0x000001b7d1283e40 7560       3       org.eclipse.aether.util.graph.transformer.ConflictResolver$State::add (85 bytes)
Event: 20.451 Thread 0x000001b7d1283e40 nmethod 7560 0x000001b7be9a8890 code [0x000001b7be9a8b20, 0x000001b7be9a97a0]
Event: 20.451 Thread 0x000001b7d1283e40 7558       3       org.eclipse.aether.util.graph.transformer.ConflictResolver$NodeInfo::add (31 bytes)
Event: 20.452 Thread 0x000001b7d1283e40 nmethod 7558 0x000001b7be9a9b10 code [0x000001b7be9a9ce0, 0x000001b7be9aa000]
Event: 20.452 Thread 0x000001b7d1283e40 7561       3       java.util.TreeMap::rotateLeft (96 bytes)
Event: 20.452 Thread 0x000001b7d1283e40 nmethod 7561 0x000001b7be9aa110 code [0x000001b7be9aa2e0, 0x000001b7be9aa7f0]
Event: 20.523 Thread 0x000001b7d1d84750 nmethod 7544 0x000001b7c57de290 code [0x000001b7c57de580, 0x000001b7c57e0298]
Event: 20.524 Thread 0x000001b7d1d84750 7552       4       java.util.IdentityHashMap::closeDeletion (107 bytes)
Event: 20.529 Thread 0x000001b7d1d84750 nmethod 7552 0x000001b7c57e1090 code [0x000001b7c57e1240, 0x000001b7c57e14a0]
Event: 20.529 Thread 0x000001b7d1d84750 7559       4       org.eclipse.aether.util.graph.transformer.ConflictResolver$State::deriveScope (83 bytes)
Event: 20.542 Thread 0x000001b7d1d84750 nmethod 7559 0x000001b7c57e1690 code [0x000001b7c57e18a0, 0x000001b7c57e1e18]
Event: 20.542 Thread 0x000001b7d1d84750 7548       4       java.util.IdentityHashMap::init (11 bytes)
Event: 20.545 Thread 0x000001b7d1d84750 nmethod 7548 0x000001b7c57e2310 code [0x000001b7c57e24a0, 0x000001b7c57e2730]
Event: 20.545 Thread 0x000001b7d1d84750 7550       4       org.eclipse.aether.util.graph.transformer.ConflictResolver$State::depth (10 bytes)
Event: 20.546 Thread 0x000001b7d1d84750 nmethod 7550 0x000001b7c57e2810 code [0x000001b7c57e29a0, 0x000001b7c57e2a68]
Event: 20.589 Thread 0x000001b7d1d84750 7562   !   4       java.lang.Thread::blockedOn (27 bytes)
Event: 20.591 Thread 0x000001b7d1d84750 nmethod 7562 0x000001b7c57e2b10 code [0x000001b7c57e2ca0, 0x000001b7c57e2f80]

GC Heap History (17 events):
Event: 2.156 GC heap before
{Heap before GC invocations=0 (full 0):
 garbage-first heap   total 122880K, used 13311K [0x0000000089a00000, 0x0000000100000000)
  region size 1024K, 13 young (13312K), 0 survivors (0K)
 Metaspace       used 3650K, committed 3904K, reserved 1114112K
  class space    used 374K, committed 512K, reserved 1048576K
}
Event: 2.166 GC heap after
{Heap after GC invocations=1 (full 0):
 garbage-first heap   total 122880K, used 3200K [0x0000000089a00000, 0x0000000100000000)
  region size 1024K, 2 young (2048K), 2 survivors (2048K)
 Metaspace       used 3650K, committed 3904K, reserved 1114112K
  class space    used 374K, committed 512K, reserved 1048576K
}
Event: 2.931 GC heap before
{Heap before GC invocations=1 (full 0):
 garbage-first heap   total 122880K, used 19584K [0x0000000089a00000, 0x0000000100000000)
  region size 1024K, 18 young (18432K), 2 survivors (2048K)
 Metaspace       used 6164K, committed 6336K, reserved 1114112K
  class space    used 726K, committed 832K, reserved 1048576K
}
Event: 2.940 GC heap after
{Heap after GC invocations=2 (full 0):
 garbage-first heap   total 122880K, used 4310K [0x0000000089a00000, 0x0000000100000000)
  region size 1024K, 1 young (1024K), 1 survivors (1024K)
 Metaspace       used 6164K, committed 6336K, reserved 1114112K
  class space    used 726K, committed 832K, reserved 1048576K
}
Event: 7.090 GC heap before
{Heap before GC invocations=2 (full 0):
 garbage-first heap   total 122880K, used 75990K [0x0000000089a00000, 0x0000000100000000)
  region size 1024K, 72 young (73728K), 1 survivors (1024K)
 Metaspace       used 15601K, committed 15808K, reserved 1114112K
  class space    used 1836K, committed 1920K, reserved 1048576K
}
Event: 7.117 GC heap after
{Heap after GC invocations=3 (full 0):
 garbage-first heap   total 122880K, used 10839K [0x0000000089a00000, 0x0000000100000000)
  region size 1024K, 8 young (8192K), 8 survivors (8192K)
 Metaspace       used 15601K, committed 15808K, reserved 1114112K
  class space    used 1836K, committed 1920K, reserved 1048576K
}
Event: 9.283 GC heap before
{Heap before GC invocations=3 (full 0):
 garbage-first heap   total 122880K, used 76375K [0x0000000089a00000, 0x0000000100000000)
  region size 1024K, 72 young (73728K), 8 survivors (8192K)
 Metaspace       used 16098K, committed 16384K, reserved 1114112K
  class space    used 1875K, committed 1984K, reserved 1048576K
}
Event: 9.327 GC heap after
{Heap after GC invocations=4 (full 0):
 garbage-first heap   total 122880K, used 19245K [0x0000000089a00000, 0x0000000100000000)
  region size 1024K, 8 young (8192K), 8 survivors (8192K)
 Metaspace       used 16098K, committed 16384K, reserved 1114112K
  class space    used 1875K, committed 1984K, reserved 1048576K
}
Event: 12.458 GC heap before
{Heap before GC invocations=4 (full 0):
 garbage-first heap   total 122880K, used 84781K [0x0000000089a00000, 0x0000000100000000)
  region size 1024K, 72 young (73728K), 8 survivors (8192K)
 Metaspace       used 16781K, committed 17024K, reserved 1114112K
  class space    used 1895K, committed 1984K, reserved 1048576K
}
Event: 12.484 GC heap after
{Heap after GC invocations=5 (full 0):
 garbage-first heap   total 122880K, used 22528K [0x0000000089a00000, 0x0000000100000000)
  region size 1024K, 4 young (4096K), 4 survivors (4096K)
 Metaspace       used 16781K, committed 17024K, reserved 1114112K
  class space    used 1895K, committed 1984K, reserved 1048576K
}
Event: 15.160 GC heap before
{Heap before GC invocations=5 (full 0):
 garbage-first heap   total 122880K, used 103424K [0x0000000089a00000, 0x0000000100000000)
  region size 1024K, 51 young (52224K), 4 survivors (4096K)
 Metaspace       used 21237K, committed 21504K, reserved 1114112K
  class space    used 2445K, committed 2560K, reserved 1048576K
}
Event: 15.176 GC heap after
{Heap after GC invocations=6 (full 0):
 garbage-first heap   total 122880K, used 25088K [0x0000000089a00000, 0x0000000100000000)
  region size 1024K, 6 young (6144K), 6 survivors (6144K)
 Metaspace       used 21237K, committed 21504K, reserved 1114112K
  class space    used 2445K, committed 2560K, reserved 1048576K
}
Event: 17.213 GC heap before
{Heap before GC invocations=7 (full 0):
 garbage-first heap   total 89088K, used 74240K [0x0000000089a00000, 0x0000000100000000)
  region size 1024K, 52 young (53248K), 6 survivors (6144K)
 Metaspace       used 26309K, committed 26688K, reserved 1114112K
  class space    used 2963K, committed 3136K, reserved 1048576K
}
Event: 17.252 GC heap after
{Heap after GC invocations=8 (full 0):
 garbage-first heap   total 98304K, used 43520K [0x0000000089a00000, 0x0000000100000000)
  region size 1024K, 7 young (7168K), 7 survivors (7168K)
 Metaspace       used 26309K, committed 26688K, reserved 1114112K
  class space    used 2963K, committed 3136K, reserved 1048576K
}
Event: 18.783 GC heap before
{Heap before GC invocations=8 (full 0):
 garbage-first heap   total 98304K, used 80384K [0x0000000089a00000, 0x0000000100000000)
  region size 1024K, 42 young (43008K), 7 survivors (7168K)
 Metaspace       used 28313K, committed 28672K, reserved 1114112K
  class space    used 3180K, committed 3328K, reserved 1048576K
}
Event: 18.809 GC heap after
{Heap after GC invocations=9 (full 0):
 garbage-first heap   total 98304K, used 50688K [0x0000000089a00000, 0x0000000100000000)
  region size 1024K, 6 young (6144K), 6 survivors (6144K)
 Metaspace       used 28313K, committed 28672K, reserved 1114112K
  class space    used 3180K, committed 3328K, reserved 1048576K
}
Event: 20.636 GC heap before
{Heap before GC invocations=9 (full 0):
 garbage-first heap   total 98304K, used 81408K [0x0000000089a00000, 0x0000000100000000)
  region size 1024K, 36 young (36864K), 6 survivors (6144K)
 Metaspace       used 28723K, committed 29120K, reserved 1114112K
  class space    used 3214K, committed 3392K, reserved 1048576K
}

Dll operation events (8 events):
Event: 0.013 Loaded shared library C:\Program Files\Java\jdk-21\bin\java.dll
Event: 0.080 Loaded shared library C:\Program Files\Java\jdk-21\bin\jsvml.dll
Event: 0.145 Loaded shared library C:\Program Files\Java\jdk-21\bin\net.dll
Event: 0.148 Loaded shared library C:\Program Files\Java\jdk-21\bin\nio.dll
Event: 0.155 Loaded shared library C:\Program Files\Java\jdk-21\bin\zip.dll
Event: 0.817 Loaded shared library C:\Users\Admin\Downloads\apache-maven-3.9.11\lib\jansi-native\Windows\x86_64\jansi.dll
Event: 0.846 Loaded shared library C:\Program Files\Java\jdk-21\bin\jimage.dll
Event: 0.871 Loaded shared library C:\Program Files\Java\jdk-21\bin\verify.dll

Deoptimization events (20 events):
Event: 20.365 Thread 0x000001b7b32912b0 Uncommon trap: trap_request=0xffffffc6 fr.pc=0x000001b7c55c401c relative=0x000000000000049c
Event: 20.365 Thread 0x000001b7b32912b0 Uncommon trap: reason=bimorphic_or_optimized_type_check action=maybe_recompile pc=0x000001b7c55c401c method=java.util.regex.Pattern$Slice.match(Ljava/util/regex/Matcher;ILjava/lang/CharSequence;)Z @ 75 c2
Event: 20.365 Thread 0x000001b7b32912b0 DEOPT PACKING pc=0x000001b7c55c401c sp=0x0000000a062fc780
Event: 20.365 Thread 0x000001b7b32912b0 DEOPT UNPACKING pc=0x000001b7c4e346a2 sp=0x0000000a062fc700 mode 2
Event: 20.375 Thread 0x000001b7b32912b0 Uncommon trap: trap_request=0xffffff45 fr.pc=0x000001b7c5507fa8 relative=0x00000000000013c8
Event: 20.375 Thread 0x000001b7b32912b0 Uncommon trap: reason=unstable_if action=reinterpret pc=0x000001b7c5507fa8 method=org.apache.maven.model.validation.DefaultModelValidator.validateEffectiveDependency(Lorg/apache/maven/model/building/ModelProblemCollector;Lorg/apache/maven/model/Dependency
Event: 20.375 Thread 0x000001b7b32912b0 DEOPT PACKING pc=0x000001b7c5507fa8 sp=0x0000000a062fccd0
Event: 20.375 Thread 0x000001b7b32912b0 DEOPT UNPACKING pc=0x000001b7c4e346a2 sp=0x0000000a062fcca0 mode 2
Event: 20.376 Thread 0x000001b7b32912b0 Uncommon trap: trap_request=0xffffff45 fr.pc=0x000001b7c560b458 relative=0x0000000000004698
Event: 20.376 Thread 0x000001b7b32912b0 Uncommon trap: reason=unstable_if action=reinterpret pc=0x000001b7c560b458 method=org.apache.maven.repository.internal.ArtifactDescriptorReaderDelegate.convert(Lorg/apache/maven/model/Dependency;Lorg/eclipse/aether/artifact/ArtifactTypeRegistry;)Lorg/ecli
Event: 20.376 Thread 0x000001b7b32912b0 DEOPT PACKING pc=0x000001b7c560b458 sp=0x0000000a062fd1b0
Event: 20.376 Thread 0x000001b7b32912b0 DEOPT UNPACKING pc=0x000001b7c4e346a2 sp=0x0000000a062fd180 mode 2
Event: 20.376 Thread 0x000001b7b32912b0 Uncommon trap: trap_request=0xffffff45 fr.pc=0x000001b7c562fd30 relative=0x0000000000000a90
Event: 20.376 Thread 0x000001b7b32912b0 Uncommon trap: reason=unstable_if action=reinterpret pc=0x000001b7c562fd30 method=org.eclipse.aether.artifact.DefaultArtifact.mergeArtifactProperties(Ljava/util/Map;Ljava/util/Map;)Ljava/util/Map; @ 1 c2
Event: 20.376 Thread 0x000001b7b32912b0 DEOPT PACKING pc=0x000001b7c562fd30 sp=0x0000000a062fd0e0
Event: 20.376 Thread 0x000001b7b32912b0 DEOPT UNPACKING pc=0x000001b7c4e346a2 sp=0x0000000a062fd058 mode 2
Event: 20.443 Thread 0x000001b7b32912b0 Uncommon trap: trap_request=0xffffff45 fr.pc=0x000001b7c56480cc relative=0x0000000000003aec
Event: 20.443 Thread 0x000001b7b32912b0 Uncommon trap: reason=unstable_if action=reinterpret pc=0x000001b7c56480cc method=org.eclipse.aether.util.graph.transformer.ConflictResolver$State.deriveOptional(Lorg/eclipse/aether/graph/DependencyNode;Ljava/lang/Object;)Z @ 15 c2
Event: 20.443 Thread 0x000001b7b32912b0 DEOPT PACKING pc=0x000001b7c56480cc sp=0x0000000a062fdb40
Event: 20.443 Thread 0x000001b7b32912b0 DEOPT UNPACKING pc=0x000001b7c4e346a2 sp=0x0000000a062fda88 mode 2

Classes loaded (20 events):
Event: 18.826 Loading class java/lang/invoke/MethodHandleImpl$Makers$1
Event: 18.827 Loading class java/lang/invoke/MethodHandleImpl$Makers$1 done
Event: 18.827 Loading class java/lang/invoke/MethodHandleImpl$Makers$2
Event: 18.827 Loading class java/lang/invoke/MethodHandleImpl$Makers$2 done
Event: 18.827 Loading class java/lang/invoke/MethodHandleImpl$Makers$3
Event: 18.827 Loading class java/lang/invoke/MethodHandleImpl$Makers$3 done
Event: 18.838 Loading class java/lang/runtime/ObjectMethods$1
Event: 18.839 Loading class java/lang/runtime/ObjectMethods$1 done
Event: 18.847 Loading class java/lang/invoke/DirectMethodHandle$1
Event: 18.847 Loading class java/lang/invoke/DirectMethodHandle$1 done
Event: 18.853 Loading class java/io/DataOutputStream
Event: 18.854 Loading class java/io/DataOutputStream done
Event: 19.133 Loading class java/util/EnumMap$Values
Event: 19.134 Loading class java/util/EnumMap$Values done
Event: 19.134 Loading class java/util/EnumMap$ValueIterator
Event: 19.134 Loading class java/util/EnumMap$ValueIterator done
Event: 19.154 Loading class java/util/WeakHashMap$KeyIterator
Event: 19.154 Loading class java/util/WeakHashMap$HashIterator
Event: 19.154 Loading class java/util/WeakHashMap$HashIterator done
Event: 19.154 Loading class java/util/WeakHashMap$KeyIterator done

Classes unloaded (0 events):
No events

Classes redefined (0 events):
No events

Internal exceptions (20 events):
Event: 18.890 Thread 0x000001b7b32912b0 Exception <a 'sun/nio/fs/WindowsException'{0x000000008ef2c830}> (0x000000008ef2c830) 
thrown [s\open\src\hotspot\share\prims\jni.cpp, line 520]
Event: 18.891 Thread 0x000001b7b32912b0 Exception <a 'sun/nio/fs/WindowsException'{0x000000008ef336f0}> (0x000000008ef336f0) 
thrown [s\open\src\hotspot\share\prims\jni.cpp, line 520]
Event: 18.892 Thread 0x000001b7b32912b0 Exception <a 'sun/nio/fs/WindowsException'{0x000000008ef34678}> (0x000000008ef34678) 
thrown [s\open\src\hotspot\share\prims\jni.cpp, line 520]
Event: 18.892 Thread 0x000001b7b32912b0 Exception <a 'sun/nio/fs/WindowsException'{0x000000008ef36798}> (0x000000008ef36798) 
thrown [s\open\src\hotspot\share\prims\jni.cpp, line 520]
Event: 18.893 Thread 0x000001b7b32912b0 Exception <a 'sun/nio/fs/WindowsException'{0x000000008ef3b820}> (0x000000008ef3b820) 
thrown [s\open\src\hotspot\share\prims\jni.cpp, line 520]
Event: 18.893 Thread 0x000001b7b32912b0 Exception <a 'sun/nio/fs/WindowsException'{0x000000008ef47ce8}> (0x000000008ef47ce8) 
thrown [s\open\src\hotspot\share\prims\jni.cpp, line 520]
Event: 18.893 Thread 0x000001b7b32912b0 Exception <a 'sun/nio/fs/WindowsException'{0x000000008ef48ca0}> (0x000000008ef48ca0) 
thrown [s\open\src\hotspot\share\prims\jni.cpp, line 520]
Event: 18.894 Thread 0x000001b7b32912b0 Exception <a 'sun/nio/fs/WindowsException'{0x000000008ef4c828}> (0x000000008ef4c828) 
thrown [s\open\src\hotspot\share\prims\jni.cpp, line 520]
Event: 18.895 Thread 0x000001b7b32912b0 Exception <a 'sun/nio/fs/WindowsException'{0x000000008ef56730}> (0x000000008ef56730) 
thrown [s\open\src\hotspot\share\prims\jni.cpp, line 520]
Event: 18.896 Thread 0x000001b7b32912b0 Exception <a 'sun/nio/fs/WindowsException'{0x000000008ef6e300}> (0x000000008ef6e300) 
thrown [s\open\src\hotspot\share\prims\jni.cpp, line 520]
Event: 18.896 Thread 0x000001b7b32912b0 Exception <a 'sun/nio/fs/WindowsException'{0x000000008ef6f558}> (0x000000008ef6f558) 
thrown [s\open\src\hotspot\share\prims\jni.cpp, line 520]
Event: 18.897 Thread 0x000001b7b32912b0 Exception <a 'sun/nio/fs/WindowsException'{0x000000008ef73ef0}> (0x000000008ef73ef0) 
thrown [s\open\src\hotspot\share\prims\jni.cpp, line 520]
Event: 18.898 Thread 0x000001b7b32912b0 Exception <a 'sun/nio/fs/WindowsException'{0x000000008ef78ee8}> (0x000000008ef78ee8) 
thrown [s\open\src\hotspot\share\prims\jni.cpp, line 520]
Event: 18.899 Thread 0x000001b7b32912b0 Exception <a 'sun/nio/fs/WindowsException'{0x000000008ef83710}> (0x000000008ef83710) 
thrown [s\open\src\hotspot\share\prims\jni.cpp, line 520]
Event: 18.899 Thread 0x000001b7b32912b0 Exception <a 'sun/nio/fs/WindowsException'{0x000000008ef84968}> (0x000000008ef84968) 
thrown [s\open\src\hotspot\share\prims\jni.cpp, line 520]
Event: 18.971 Thread 0x000001b7b32912b0 Exception <a 'sun/nio/fs/WindowsException'{0x000000008ee0eaa8}> (0x000000008ee0eaa8) 
thrown [s\open\src\hotspot\share\prims\jni.cpp, line 520]
Event: 19.034 Thread 0x000001b7b32912b0 Exception <a 'sun/nio/fs/WindowsException'{0x000000008eec3fb0}> (0x000000008eec3fb0) 
thrown [s\open\src\hotspot\share\prims\jni.cpp, line 520]
Event: 19.043 Thread 0x000001b7b32912b0 Exception <a 'sun/nio/fs/WindowsException'{0x000000008eeda720}> (0x000000008eeda720) 
thrown [s\open\src\hotspot\share\prims\jni.cpp, line 520]
Event: 19.067 Thread 0x000001b7b32912b0 Exception <a 'sun/nio/fs/WindowsException'{0x000000008ed1c9e0}> (0x000000008ed1c9e0) 
thrown [s\open\src\hotspot\share\prims\jni.cpp, line 520]
Event: 19.076 Thread 0x000001b7b32912b0 Exception <a 'sun/nio/fs/WindowsException'{0x000000008ed2c9b0}> (0x000000008ed2c9b0) 
thrown [s\open\src\hotspot\share\prims\jni.cpp, line 520]

ZGC Phase Switch (0 events):
No events

VM Operations (20 events):
Event: 18.121 Executing VM operation: HandshakeAllThreads (Deoptimize) done
Event: 18.160 Executing VM operation: HandshakeAllThreads (Deoptimize)
Event: 18.161 Executing VM operation: HandshakeAllThreads (Deoptimize) done
Event: 18.211 Executing VM operation: HandshakeAllThreads (Deoptimize)
Event: 18.211 Executing VM operation: HandshakeAllThreads (Deoptimize) done
Event: 18.271 Executing VM operation: ICBufferFull
Event: 18.272 Executing VM operation: ICBufferFull done
Event: 18.445 Executing VM operation: ICBufferFull
Event: 18.445 Executing VM operation: ICBufferFull done
Event: 18.745 Executing VM operation: HandshakeAllThreads (Deoptimize)
Event: 18.745 Executing VM operation: HandshakeAllThreads (Deoptimize) done
Event: 18.753 Executing VM operation: ICBufferFull
Event: 18.753 Executing VM operation: ICBufferFull done
Event: 18.783 Executing VM operation: G1CollectForAllocation (G1 Evacuation Pause)
Event: 18.809 Executing VM operation: G1CollectForAllocation (G1 Evacuation Pause) done
Event: 19.088 Executing VM operation: ICBufferFull
Event: 19.088 Executing VM operation: ICBufferFull done
Event: 19.944 Executing VM operation: ICBufferFull
Event: 19.944 Executing VM operation: ICBufferFull done
Event: 20.636 Executing VM operation: G1CollectForAllocation (G1 Evacuation Pause)

Events (20 events):
Event: 0.077 Thread 0x000001b7d1282b30 Thread added: 0x000001b7d1282b30
Event: 0.078 Thread 0x000001b7d1283e40 Thread added: 0x000001b7d1283e40
Event: 0.133 Thread 0x000001b7d14d4ea0 Thread added: 0x000001b7d14d4ea0
Event: 0.137 Thread 0x000001b7d14d7f00 Thread added: 0x000001b7d14d7f00
Event: 0.809 Thread 0x000001b7d183a930 Thread added: 0x000001b7d183a930
Event: 1.561 Thread 0x000001b7d183a930 Thread exited: 0x000001b7d183a930
Event: 2.576 Thread 0x000001b7d1fcd8d0 Thread added: 0x000001b7d1fcd8d0
Event: 3.749 Thread 0x000001b7d1fcd8d0 Thread exited: 0x000001b7d1fcd8d0
Event: 5.341 Thread 0x000001b81734cb70 Thread added: 0x000001b81734cb70
Event: 5.627 Thread 0x000001b7d1d6c2f0 Thread added: 0x000001b7d1d6c2f0
Event: 9.758 Thread 0x000001b7d1d6c2f0 Thread exited: 0x000001b7d1d6c2f0
Event: 9.886 Thread 0x000001b8170a2b60 Thread added: 0x000001b8170a2b60
Event: 10.510 Thread 0x000001b8170a2b60 Thread exited: 0x000001b8170a2b60
Event: 11.155 Thread 0x000001b817348320 Thread added: 0x000001b817348320
Event: 12.251 Thread 0x000001b817348320 Thread exited: 0x000001b817348320
Event: 12.892 Thread 0x000001b817d9a9b0 Thread added: 0x000001b817d9a9b0
Event: 13.690 Thread 0x000001b817d9a9b0 Thread exited: 0x000001b817d9a9b0
Event: 14.166 Thread 0x000001b81880ae20 Thread added: 0x000001b81880ae20
Event: 14.599 Thread 0x000001b81880ae20 Thread exited: 0x000001b81880ae20
Event: 14.935 Thread 0x000001b7d1d84750 Thread added: 0x000001b7d1d84750


Dynamic libraries:
0x00007ff787190000 - 0x00007ff7871a0000 	C:\Program Files\Java\jdk-21\bin\java.exe
0x00007ffe8c1d0000 - 0x00007ffe8c3c8000 	C:\WINDOWS\SYSTEM32\ntdll.dll
0x00007ffe8ba80000 - 0x00007ffe8bb42000 	C:\WINDOWS\System32\KERNEL32.DLL
0x00007ffe89c80000 - 0x00007ffe89f76000 	C:\WINDOWS\System32\KERNELBASE.dll
0x00007ffe899e0000 - 0x00007ffe89ae0000 	C:\WINDOWS\System32\ucrtbase.dll
0x00007ffe6a350000 - 0x00007ffe6a369000 	C:\Program Files\Java\jdk-21\bin\jli.dll
0x00007ffe69a60000 - 0x00007ffe69a7b000 	C:\Program Files\Java\jdk-21\bin\VCRUNTIME140.dll
0x00007ffe8b8a0000 - 0x00007ffe8b951000 	C:\WINDOWS\System32\ADVAPI32.dll
0x00007ffe8c0f0000 - 0x00007ffe8c18e000 	C:\WINDOWS\System32\msvcrt.dll
0x00007ffe8be70000 - 0x00007ffe8bf0f000 	C:\WINDOWS\System32\sechost.dll
0x00007ffe8b780000 - 0x00007ffe8b8a0000 	C:\WINDOWS\System32\RPCRT4.dll
0x00007ffe899b0000 - 0x00007ffe899d7000 	C:\WINDOWS\System32\bcrypt.dll
0x00007ffe8b5d0000 - 0x00007ffe8b771000 	C:\WINDOWS\System32\USER32.dll
0x00007ffe8a1c0000 - 0x00007ffe8a1e2000 	C:\WINDOWS\System32\win32u.dll
0x00007ffe8c0c0000 - 0x00007ffe8c0eb000 	C:\WINDOWS\System32\GDI32.dll
0x00007ffe89b60000 - 0x00007ffe89c79000 	C:\WINDOWS\System32\gdi32full.dll
0x00007ffe89860000 - 0x00007ffe898fd000 	C:\WINDOWS\System32\msvcp_win.dll
0x00007ffe77700000 - 0x00007ffe7799b000 	C:\WINDOWS\WinSxS\amd64_microsoft.windows.common-controls_6595b64144ccf1df_6.0.19041.6456_none_60b8a6cb71f64256\COMCTL32.dll
0x00007ffe83770000 - 0x00007ffe8377a000 	C:\WINDOWS\SYSTEM32\VERSION.dll
0x00007ffe8b960000 - 0x00007ffe8b98f000 	C:\WINDOWS\System32\IMM32.DLL
0x00007ffe69990000 - 0x00007ffe6999c000 	C:\Program Files\Java\jdk-21\bin\vcruntime140_1.dll
0x00007ffe69700000 - 0x00007ffe6978e000 	C:\Program Files\Java\jdk-21\bin\msvcp140.dll
0x00007ffe689f0000 - 0x00007ffe696fd000 	C:\Program Files\Java\jdk-21\bin\server\jvm.dll
0x00007ffe8bf10000 - 0x00007ffe8bf7b000 	C:\WINDOWS\System32\WS2_32.dll
0x00007ffe779b0000 - 0x00007ffe779d7000 	C:\WINDOWS\SYSTEM32\WINMM.dll
0x00007ffe896c0000 - 0x00007ffe8970b000 	C:\WINDOWS\SYSTEM32\POWRPROF.dll
0x00007ffe896a0000 - 0x00007ffe896b2000 	C:\WINDOWS\SYSTEM32\UMPDC.dll
0x00007ffe87700000 - 0x00007ffe87712000 	C:\WINDOWS\SYSTEM32\kernel.appcore.dll
0x00007ffe6a150000 - 0x00007ffe6a15a000 	C:\Program Files\Java\jdk-21\bin\jimage.dll
0x00007ffe83df0000 - 0x00007ffe83ff1000 	C:\WINDOWS\SYSTEM32\DBGHELP.DLL
0x00007ffe722f0000 - 0x00007ffe72324000 	C:\WINDOWS\SYSTEM32\dbgcore.DLL
0x00007ffe89f80000 - 0x00007ffe8a002000 	C:\WINDOWS\System32\bcryptPrimitives.dll
0x00007ffe6a000000 - 0x00007ffe6a01f000 	C:\Program Files\Java\jdk-21\bin\java.dll
0x00007ffe8a900000 - 0x00007ffe8b070000 	C:\WINDOWS\System32\SHELL32.dll
0x00007ffe87890000 - 0x00007ffe88035000 	C:\WINDOWS\SYSTEM32\windows.storage.dll
0x00007ffe8a300000 - 0x00007ffe8a654000 	C:\WINDOWS\System32\combase.dll
0x00007ffe890d0000 - 0x00007ffe890fb000 	C:\WINDOWS\SYSTEM32\Wldp.dll
0x00007ffe8a660000 - 0x00007ffe8a72d000 	C:\WINDOWS\System32\OLEAUT32.dll
0x00007ffe8a730000 - 0x00007ffe8a7dd000 	C:\WINDOWS\System32\SHCORE.dll
0x00007ffe8b080000 - 0x00007ffe8b0db000 	C:\WINDOWS\System32\shlwapi.dll
0x00007ffe89790000 - 0x00007ffe897b4000 	C:\WINDOWS\SYSTEM32\profapi.dll
0x00007ffe68140000 - 0x00007ffe68217000 	C:\Program Files\Java\jdk-21\bin\jsvml.dll
0x00007ffe69a80000 - 0x00007ffe69a90000 	C:\Program Files\Java\jdk-21\bin\net.dll
0x00007ffe86d20000 - 0x00007ffe86e2a000 	C:\WINDOWS\SYSTEM32\WINHTTP.dll
0x00007ffe88eb0000 - 0x00007ffe88f1a000 	C:\WINDOWS\system32\mswsock.dll
0x00007ffe69790000 - 0x00007ffe697a6000 	C:\Program Files\Java\jdk-21\bin\nio.dll
0x00007ffe680e0000 - 0x00007ffe680f8000 	C:\Program Files\Java\jdk-21\bin\zip.dll
0x00007ffe53240000 - 0x00007ffe53264000 	C:\Users\Admin\Downloads\apache-maven-3.9.11\lib\jansi-native\Windows\x86_64\jansi.dll
0x00007ffe6f420000 - 0x00007ffe6f430000 	C:\Program Files\Java\jdk-21\bin\verify.dll

dbghelp: loaded successfully - version: 4.0.5 - missing functions: none
symbol engine: initialized successfully - sym options: 0x614 - pdb path: .;C:\Program Files\Java\jdk-21\bin;C:\WINDOWS\SYSTEM32;C:\WINDOWS\WinSxS\amd64_microsoft.windows.common-controls_6595b64144ccf1df_6.0.19041.6456_none_60b8a6cb71f64256;C:\Program Files\Java\jdk-21\bin\server;C:\Users\Admin\Downloads\apache-maven-3.9.11\lib\jansi-native\Windows\x86_64

VM Arguments:
jvm_args: --enable-native-access=ALL-UNNAMED -Dclassworlds.conf=C:\Users\Admin\Downloads\apache-maven-3.9.11\bin\m2.conf -Dmaven.home=C:\Users\Admin\Downloads\apache-maven-3.9.11 -Dlibrary.jansi.path=C:\Users\Admin\Downloads\apache-maven-3.9.11\lib\jansi-native -Dmaven.multiModuleProjectDirectory=C:\Users\Admin\E-Banking__3.0\transaction-service 
java_command: org.codehaus.plexus.classworlds.launcher.Launcher spring-boot:run
java_class_path (initial): C:\Users\Admin\Downloads\apache-maven-3.9.11\boot\plexus-classworlds-2.9.0.jar
Launcher Type: SUN_STANDARD

[Global flags]
     intx CICompilerCount                          = 3                                         {product} {ergonomic}
     uint ConcGCThreads                            = 1                                         {product} {ergonomic}
     uint G1ConcRefinementThreads                  = 4                                         {product} {ergonomic}
   size_t G1HeapRegionSize                         = 1048576                                   {product} {ergonomic}
    uintx GCDrainStackTargetSize                   = 64                                        {product} {ergonomic}
   size_t InitialHeapSize                          = 125829120                                 {product} {ergonomic}
   size_t MarkStackSize                            = 4194304                                   {product} {ergonomic}
   size_t MaxHeapSize                              = 1986002944                                {product} {ergonomic}
   size_t MaxNewSize                               = 1191182336                                {product} {ergonomic}
   size_t MinHeapDeltaBytes                        = 1048576                                   {product} {ergonomic}
   size_t MinHeapSize                              = 8388608                                   {product} {ergonomic}
    uintx NonNMethodCodeHeapSize                   = 5832780                                {pd product} {ergonomic}
    uintx NonProfiledCodeHeapSize                  = 122912730                              {pd product} {ergonomic}
    uintx ProfiledCodeHeapSize                     = 122912730                              {pd product} {ergonomic}
    uintx ReservedCodeCacheSize                    = 251658240                              {pd product} {ergonomic}
     bool SegmentedCodeCache                       = true                                      {product} {ergonomic}
   size_t SoftMaxHeapSize                          = 1986002944                             {manageable} {ergonomic}
     bool UseCompressedOops                        = true                           {product lp64_product} {ergonomic}
     bool UseG1GC                                  = true                                      {product} {ergonomic}
     bool UseLargePagesIndividualAllocation        = false                                  {pd product} {ergonomic}

Logging:
Log output configuration:
 #0: stdout all=warning uptime,level,tags foldmultilines=false
 #1: stderr all=off uptime,level,tags foldmultilines=false

Environment Variables:
PATH=C:\oraclexe\app\oracle\product\11.2.0\server\bin;C:\Python312\Scripts\;C:\Python312\;C:\Program Files\Common Files\Oracle\Java\javapath;C:\WINDOWS\system32;C:\WINDOWS;C:\WINDOWS\System32\Wbem;C:\WINDOWS\System32\WindowsPowerShell\v1.0\;C:\WINDOWS\System32\OpenSSH\;C:\Program Files (x86)\dotnet\;C:\Program Files\dotnet\;C:\Program Files\Microsoft SQL Server\150\Tools\Binn\;C:\Program Files\Microsoft SQL Server\Client SDK\ODBC\170\Tools\Binn\;C:\Program Files (x86)\Windows Kits\10\Windows Performance Toolkit\;C:\Users\Admin\Downloads\opencv\build\x64\vc16\bin;C:\ProgramData\chocolatey\bin;C:\Program Files\Git\cmd;C:\Program Files\Docker\Docker\resources\bin;C:\Program Files\Kubernetes\Minikube;C:\Users\Admin\Downloads\opencv\build\x64\vc16\bin;C:\Users\Admin\AppData\Roaming\Python\Python312\Scripts;C:\Users\Admin\AppData\Roaming\Python\Python312\Scripts\import_pb_to_tensorboard.exe;C:\Users\Admin\AppData\Roaming\Python\Python312\Scripts\tensorboard.exe;C:\Users\Admin\AppData\Roaming\Python\Python312\Scripts\tf_upgrade_v2.exe;C:\Users\Admin\AppData\Roaming\Python\Python312\Scripts\tflite_convert.exe;C:\Users\Admin\AppData\Roaming\Python\Python312\Scripts\toco.exe;C:\Users\Admin\AppData\Roaming\Python\Python312\Scripts\toco_from_protos.exe;C:\Users\Admin\AppData\Local\nvm;C:\nvm4w\nodejs;C:\Users\Admin\Downloads\sf-64.exe;C:\Program Files\nodejs;C:\Program Files\nodejs\node_modules\npm\bin;C:\Program Files\sf\bin;C:\Program Files\sf\bin\sfdx.cmd;C:\Program Files\dotnet\;C:\Program Files\dotnet\dotnet.exe;C:\Users\Admin\Downloads\jdk-21_windows-x64_bin.exe;C:\Users\Admin\Downloads\apache-maven-3.9.11\bin;C:\Program Files\MySQL\MySQL Shell 8.0\bin\;C:\Users\Admin\anaconda3;C:\Users\Admin\anaconda3\Library\mingw-w64\bin;C:\Users\Admin\anaconda3\Library\usr\bin;C:\Users\Admin\anaconda3\Library\bin;C:\Users\Admin\anaconda3\Scripts;C:\Users\Admin\AppData\Local\Programs\Python\Python311\Scripts\;C:\Users\Admin\AppData\Local\Programs\Python\Python311\;C:\Users\Admin\AppData\Local\Microsoft\WindowsApps;C:\Users\Admin\AppData\Local\Programs\Microsoft VS Code\bin;C:\msys64\mingw64\bin;C:\Users\Admin\Downloads\opencv\build\x64\vc16\bin;C:\Users\Admin\.dotnet\tools;C:\Users\Admin\AppData\Local\GitHubDesktop\bin;C:\Users\Admin\Downloads\opencv\build\x64\vc16\bin;C:\Users\Admin\Downloads\opencv\build\x64\vc16\lib;C:\Users\Admin\AppData\Local\nvm;C:\nvm4w\nodejs;C:\Users\Admin\AppData\Roaming\npm
USERNAME=Admin
OS=Windows_NT
PROCESSOR_IDENTIFIER=Intel64 Family 6 Model 78 Stepping 3, GenuineIntel
TMP=C:\Users\Admin\AppData\Local\Temp
TEMP=C:\Users\Admin\AppData\Local\Temp




Periodic native trim disabled

---------------  S Y S T E M  ---------------

OS:
 Windows 10 , 64 bit Build 19041 (10.0.19041.5915)
OS uptime: 0 days 19:19 hours
Hyper-V role detected

CPU: total 4 (initial active 4) (2 cores per cpu, 2 threads per core) family 6 model 78 stepping 3 microcode 0xcc, cx8, cmov, fxsr, ht, mmx, 3dnowpref, sse, sse2, sse3, ssse3, sse4.1, sse4.2, popcnt, lzcnt, tsc, tscinvbit, avx, avx2, aes, erms, clmul, bmi1, bmi2, rtm, adx, fma, vzeroupper, clflush, clflushopt, hv, rdtscp, f16c
Processor Information for all 4 processors :
  Max Mhz: 2496, Current Mhz: 798, Mhz Limit: 798

Memory: 4k page, system-wide physical 7572M (374M free)
TotalPageFile size 23817M (AvailPageFile size 14M)
current process WorkingSet (physical memory assigned to process): 237M, peak: 237M
current process commit charge ("private bytes"): 262M, peak: 281M

vm_info: Java HotSpot(TM) 64-Bit Server VM (21.0.3+7-LTS-152) for windows-amd64 JRE (21.0.3+7-LTS-152), built on 2024-03-11T17:42:26Z by "mach5one" with MS VC++ 17.6 (VS2022)

END.
