#
# There is insufficient memory for the Java Runtime Environment to continue.
# Native memory allocation (malloc) failed to allocate 685184 bytes for Chunk::new
# Possible reasons:
#   The system is out of physical RAM or swap space
#   The process is running with CompressedOops enabled, and the Java Heap may be blocking the growth of the native heap
# Possible solutions:
#   Reduce memory load on the system
#   Increase physical memory or swap space
#   Check if swap backing store is full
#   Decrease Java heap size (-Xmx/-Xms)
#   Decrease number of Java threads
#   Decrease Java thread stack sizes (-Xss)
#   Set larger code cache with -XX:ReservedCodeCacheSize=
#   JVM is running with Unscaled Compressed Oops mode in which the Java heap is
#     placed in the first 4GB address space. The Java Heap base address is the
#     maximum limit for the native heap growth. Please use -XX:HeapBaseMinAddress
#     to set the Java Heap base and to place the Java Heap above 4GB virtual address.
# This output file may be truncated or incomplete.
#
#  Out of Memory Error (arena.cpp:168), pid=18244, tid=4076
#
# JRE version: Java(TM) SE Runtime Environment (21.0.3+7) (build 21.0.3+7-LTS-152)
# Java VM: Java HotSpot(TM) 64-Bit Server VM (21.0.3+7-LTS-152, mixed mode, sharing, tiered, compressed oops, compressed class ptrs, g1 gc, windows-amd64)
# No core dump will be written. Minidumps are not enabled by default on client versions of Windows
#

---------------  S U M M A R Y ------------

Command Line: --enable-native-access=ALL-UNNAMED -Dclassworlds.conf=C:\Users\Admin\Downloads\apache-maven-3.9.11\bin\m2.conf -Dmaven.home=C:\Users\Admin\Downloads\apache-maven-3.9.11 -Dlibrary.jansi.path=C:\Users\Admin\Downloads\apache-maven-3.9.11\lib\jansi-native -Dmaven.multiModuleProjectDirectory=C:\Users\Admin\E-Banking__3.0\transaction-service org.codehaus.plexus.classworlds.launcher.Launcher spring-boot:run -Dspring-boot.run.jvmArguments=-Xms64m -Xmx256m -XX:+UseSerialGC

Host: Intel(R) Core(TM) i5-6300U CPU @ 2.40GHz, 4 cores, 7G,  Windows 10 , 64 bit Build 19041 (10.0.19041.5915)
Time: Mon Jan  5 10:23:01 2026 Morocco Summer Time elapsed time: 1.590754 seconds (0d 0h 0m 1s)

---------------  T H R E A D  ---------------

Current thread (0x0000027fc5340280):  JavaThread "C2 CompilerThread0" daemon [_thread_in_native, id=4076, stack(0x000000bb87d00000,0x000000bb87e00000) (1024K)]


Current CompileTask:
C2:   1590 1134   !   4       sun.nio.cs.StreamDecoder::read (78 bytes)

Stack: [0x000000bb87d00000,0x000000bb87e00000]
Native frames: (J=compiled Java code, j=interpreted, Vv=VM code, C=native code)
V  [jvm.dll+0x6c63b9]
V  [jvm.dll+0x84fa11]
V  [jvm.dll+0x851f3e]
V  [jvm.dll+0x852613]
V  [jvm.dll+0x27cd46]
V  [jvm.dll+0xc4aad]
V  [jvm.dll+0xc4fe3]
V  [jvm.dll+0x3b1d5c]
V  [jvm.dll+0x37e485]
V  [jvm.dll+0x37d8fa]
V  [jvm.dll+0x245b40]
V  [jvm.dll+0x24511f]
V  [jvm.dll+0x1c689e]
V  [jvm.dll+0x254609]
V  [jvm.dll+0x252b9a]
V  [jvm.dll+0x3eb056]
V  [jvm.dll+0x7f9ffb]
V  [jvm.dll+0x6c4a9d]
C  [ucrtbase.dll+0x21bb2]
C  [KERNEL32.DLL+0x17374]
C  [ntdll.dll+0x4cc91]


---------------  P R O C E S S  ---------------

Threads class SMR info:
_java_thread_list=0x000002800b69d9a0, length=12, elements={
0x0000027fa726f1f0, 0x0000027fc533a980, 0x0000027fc533b850, 0x0000027fc533d5d0,
0x0000027fc533e030, 0x0000027fc533ea90, 0x0000027fc533f4f0, 0x0000027fc5340280,
0x0000027fc5341d30, 0x0000027fc5596bb0, 0x0000027fc5598200, 0x000002800b83c770
}

Java Threads: ( => current thread )
  0x0000027fa726f1f0 JavaThread "main"                              [_thread_in_native, id=23256, stack(0x000000bb86f00000,0x000000bb87000000) (1024K)]
  0x0000027fc533a980 JavaThread "Reference Handler"          daemon [_thread_blocked, id=7900, stack(0x000000bb87700000,0x000000bb87800000) (1024K)]
  0x0000027fc533b850 JavaThread "Finalizer"                  daemon [_thread_blocked, id=13372, stack(0x000000bb87800000,0x000000bb87900000) (1024K)]
  0x0000027fc533d5d0 JavaThread "Signal Dispatcher"          daemon [_thread_blocked, id=22552, stack(0x000000bb87900000,0x000000bb87a00000) (1024K)]
  0x0000027fc533e030 JavaThread "Attach Listener"            daemon [_thread_blocked, id=22984, stack(0x000000bb87a00000,0x000000bb87b00000) (1024K)]
  0x0000027fc533ea90 JavaThread "Service Thread"             daemon [_thread_blocked, id=20064, stack(0x000000bb87b00000,0x000000bb87c00000) (1024K)]
  0x0000027fc533f4f0 JavaThread "Monitor Deflation Thread"   daemon [_thread_blocked, id=2216, stack(0x000000bb87c00000,0x000000bb87d00000) (1024K)]
=>0x0000027fc5340280 JavaThread "C2 CompilerThread0"         daemon [_thread_in_native, id=4076, stack(0x000000bb87d00000,0x000000bb87e00000) (1024K)]
  0x0000027fc5341d30 JavaThread "C1 CompilerThread0"         daemon [_thread_blocked, id=21524, stack(0x000000bb87e00000,0x000000bb87f00000) (1024K)]
  0x0000027fc5596bb0 JavaThread "Notification Thread"        daemon [_thread_blocked, id=18956, stack(0x000000bb87f00000,0x000000bb88000000) (1024K)]
  0x0000027fc5598200 JavaThread "Common-Cleaner"             daemon [_thread_blocked, id=9792, stack(0x000000bb88000000,0x000000bb88100000) (1024K)]
  0x000002800b83c770 JavaThread "C2 CompilerThread1"         daemon [_thread_in_native, id=21828, stack(0x000000bb88400000,0x000000bb88500000) (1024K)]
Total: 12

Other Threads:
  0x0000027fc5317a60 VMThread "VM Thread"                           [id=6456, stack(0x000000bb87600000,0x000000bb87700000) (1024K)]
  0x0000027fc5300de0 WatcherThread "VM Periodic Task Thread"        [id=13036, stack(0x000000bb87500000,0x000000bb87600000) (1024K)]
  0x0000027fa95407d0 WorkerThread "GC Thread#0"                     [id=17648, stack(0x000000bb87000000,0x000000bb87100000) (1024K)]
  0x000002800b1dda40 WorkerThread "GC Thread#1"                     [id=20152, stack(0x000000bb88100000,0x000000bb88200000) (1024K)]
  0x000002800b38f530 WorkerThread "GC Thread#2"                     [id=4696, stack(0x000000bb88200000,0x000000bb88300000) (1024K)]
  0x000002800b645610 WorkerThread "GC Thread#3"                     [id=22864, stack(0x000000bb88300000,0x000000bb88400000) (1024K)]
  0x0000027fa9551390 ConcurrentGCThread "G1 Main Marker"            [id=23048, stack(0x000000bb87100000,0x000000bb87200000) (1024K)]
  0x0000027fa9552100 WorkerThread "G1 Conc#0"                       [id=11004, stack(0x000000bb87200000,0x000000bb87300000) (1024K)]
  0x0000027fa95be2d0 ConcurrentGCThread "G1 Refine#0"               [id=20872, stack(0x000000bb87300000,0x000000bb87400000) (1024K)]
  0x0000027fc51d60d0 ConcurrentGCThread "G1 Service"                [id=20200, stack(0x000000bb87400000,0x000000bb87500000) (1024K)]
Total: 10

Threads with active compile tasks:
C2 CompilerThread0     1656 1134   !   4       sun.nio.cs.StreamDecoder::read (78 bytes)
C1 CompilerThread0     1656 1180       2       org.codehaus.plexus.util.xml.pull.MXParser::require (468 bytes)
C2 CompilerThread1     1656 1135       4       sun.nio.cs.StreamDecoder::lockedRead (189 bytes)
Total: 3

VM state: not at safepoint (normal execution)

VM Mutex/Monitor currently owned by a thread: None

Heap address: 0x0000000089a00000, size: 1894 MB, Compressed Oops mode: 32-bit

CDS archive(s) mapped at: [0x0000027fc6000000-0x0000027fc6c90000-0x0000027fc6c90000), size 13172736, SharedBaseAddress: 0x0000027fc6000000, ArchiveRelocationMode: 1.
Compressed class space mapped at: 0x0000027fc7000000-0x0000028007000000, reserved size: 1073741824
Narrow klass base: 0x0000027fc6000000, Narrow klass shift: 0, Narrow klass range: 0x100000000

GC Precious Log:
 CardTable entry size: 512
 Card Set container configuration: InlinePtr #cards 5 size 8 Array Of Cards #cards 12 size 40 Howl #buckets 4 coarsen threshold 1843 Howl Bitmap #cards 512 size 80 coarsen threshold 460 Card regions per heap region 1 cards per card region 2048
 CPUs: 4 total, 4 available
 Memory: 7572M
 Large Page Support: Disabled
 NUMA Support: Disabled
 Compressed Oops: Enabled (32-bit)
 Heap Region Size: 1M
 Heap Min Capacity: 8M
 Heap Initial Capacity: 120M
 Heap Max Capacity: 1894M
 Pre-touch: Disabled
 Parallel Workers: 4
 Concurrent Workers: 1
 Concurrent Refinement Workers: 4
 Periodic GC: Disabled

Heap:
 garbage-first heap   total 122880K, used 14528K [0x0000000089a00000, 0x0000000100000000)
  region size 1024K, 14 young (14336K), 2 survivors (2048K)
 Metaspace       used 5727K, committed 5952K, reserved 1114112K
  class space    used 671K, committed 768K, reserved 1048576K

Heap Regions: E=young(eden), S=young(survivor), O=old, HS=humongous(starts), HC=humongous(continues), CS=collection set, F=free, TAMS=top-at-mark-start, PB=parsable bottom
|   0|0x0000000089a00000, 0x0000000089b00000, 0x0000000089b00000|100%| O|  |TAMS 0x0000000089a00000| PB 0x0000000089a00000| Untracked 
|   1|0x0000000089b00000, 0x0000000089b30000, 0x0000000089c00000| 18%| O|  |TAMS 0x0000000089b00000| PB 0x0000000089b00000| Untracked 
|   2|0x0000000089c00000, 0x0000000089c00000, 0x0000000089d00000|  0%| F|  |TAMS 0x0000000089c00000| PB 0x0000000089c00000| Untracked 
|   3|0x0000000089d00000, 0x0000000089d00000, 0x0000000089e00000|  0%| F|  |TAMS 0x0000000089d00000| PB 0x0000000089d00000| Untracked 
|   4|0x0000000089e00000, 0x0000000089e00000, 0x0000000089f00000|  0%| F|  |TAMS 0x0000000089e00000| PB 0x0000000089e00000| Untracked 
|   5|0x0000000089f00000, 0x0000000089f00000, 0x000000008a000000|  0%| F|  |TAMS 0x0000000089f00000| PB 0x0000000089f00000| Untracked 
|   6|0x000000008a000000, 0x000000008a000000, 0x000000008a100000|  0%| F|  |TAMS 0x000000008a000000| PB 0x000000008a000000| Untracked 
|   7|0x000000008a100000, 0x000000008a100000, 0x000000008a200000|  0%| F|  |TAMS 0x000000008a100000| PB 0x000000008a100000| Untracked 
|   8|0x000000008a200000, 0x000000008a200000, 0x000000008a300000|  0%| F|  |TAMS 0x000000008a200000| PB 0x000000008a200000| Untracked 
|   9|0x000000008a300000, 0x000000008a300000, 0x000000008a400000|  0%| F|  |TAMS 0x000000008a300000| PB 0x000000008a300000| Untracked 
|  10|0x000000008a400000, 0x000000008a400000, 0x000000008a500000|  0%| F|  |TAMS 0x000000008a400000| PB 0x000000008a400000| Untracked 
|  11|0x000000008a500000, 0x000000008a500000, 0x000000008a600000|  0%| F|  |TAMS 0x000000008a500000| PB 0x000000008a500000| Untracked 
|  12|0x000000008a600000, 0x000000008a600000, 0x000000008a700000|  0%| F|  |TAMS 0x000000008a600000| PB 0x000000008a600000| Untracked 
|  13|0x000000008a700000, 0x000000008a700000, 0x000000008a800000|  0%| F|  |TAMS 0x000000008a700000| PB 0x000000008a700000| Untracked 
|  14|0x000000008a800000, 0x000000008a800000, 0x000000008a900000|  0%| F|  |TAMS 0x000000008a800000| PB 0x000000008a800000| Untracked 
|  15|0x000000008a900000, 0x000000008a900000, 0x000000008aa00000|  0%| F|  |TAMS 0x000000008a900000| PB 0x000000008a900000| Untracked 
|  16|0x000000008aa00000, 0x000000008aa00000, 0x000000008ab00000|  0%| F|  |TAMS 0x000000008aa00000| PB 0x000000008aa00000| Untracked 
|  17|0x000000008ab00000, 0x000000008ab00000, 0x000000008ac00000|  0%| F|  |TAMS 0x000000008ab00000| PB 0x000000008ab00000| Untracked 
|  18|0x000000008ac00000, 0x000000008ac00000, 0x000000008ad00000|  0%| F|  |TAMS 0x000000008ac00000| PB 0x000000008ac00000| Untracked 
|  19|0x000000008ad00000, 0x000000008ad00000, 0x000000008ae00000|  0%| F|  |TAMS 0x000000008ad00000| PB 0x000000008ad00000| Untracked 
|  20|0x000000008ae00000, 0x000000008ae00000, 0x000000008af00000|  0%| F|  |TAMS 0x000000008ae00000| PB 0x000000008ae00000| Untracked 
|  21|0x000000008af00000, 0x000000008af00000, 0x000000008b000000|  0%| F|  |TAMS 0x000000008af00000| PB 0x000000008af00000| Untracked 
|  22|0x000000008b000000, 0x000000008b000000, 0x000000008b100000|  0%| F|  |TAMS 0x000000008b000000| PB 0x000000008b000000| Untracked 
|  23|0x000000008b100000, 0x000000008b100000, 0x000000008b200000|  0%| F|  |TAMS 0x000000008b100000| PB 0x000000008b100000| Untracked 
|  24|0x000000008b200000, 0x000000008b200000, 0x000000008b300000|  0%| F|  |TAMS 0x000000008b200000| PB 0x000000008b200000| Untracked 
|  25|0x000000008b300000, 0x000000008b300000, 0x000000008b400000|  0%| F|  |TAMS 0x000000008b300000| PB 0x000000008b300000| Untracked 
|  26|0x000000008b400000, 0x000000008b400000, 0x000000008b500000|  0%| F|  |TAMS 0x000000008b400000| PB 0x000000008b400000| Untracked 
|  27|0x000000008b500000, 0x000000008b500000, 0x000000008b600000|  0%| F|  |TAMS 0x000000008b500000| PB 0x000000008b500000| Untracked 
|  28|0x000000008b600000, 0x000000008b600000, 0x000000008b700000|  0%| F|  |TAMS 0x000000008b600000| PB 0x000000008b600000| Untracked 
|  29|0x000000008b700000, 0x000000008b700000, 0x000000008b800000|  0%| F|  |TAMS 0x000000008b700000| PB 0x000000008b700000| Untracked 
|  30|0x000000008b800000, 0x000000008b800000, 0x000000008b900000|  0%| F|  |TAMS 0x000000008b800000| PB 0x000000008b800000| Untracked 
|  31|0x000000008b900000, 0x000000008b900000, 0x000000008ba00000|  0%| F|  |TAMS 0x000000008b900000| PB 0x000000008b900000| Untracked 
|  32|0x000000008ba00000, 0x000000008ba00000, 0x000000008bb00000|  0%| F|  |TAMS 0x000000008ba00000| PB 0x000000008ba00000| Untracked 
|  33|0x000000008bb00000, 0x000000008bb00000, 0x000000008bc00000|  0%| F|  |TAMS 0x000000008bb00000| PB 0x000000008bb00000| Untracked 
|  34|0x000000008bc00000, 0x000000008bc00000, 0x000000008bd00000|  0%| F|  |TAMS 0x000000008bc00000| PB 0x000000008bc00000| Untracked 
|  35|0x000000008bd00000, 0x000000008bd00000, 0x000000008be00000|  0%| F|  |TAMS 0x000000008bd00000| PB 0x000000008bd00000| Untracked 
|  36|0x000000008be00000, 0x000000008be00000, 0x000000008bf00000|  0%| F|  |TAMS 0x000000008be00000| PB 0x000000008be00000| Untracked 
|  37|0x000000008bf00000, 0x000000008bf00000, 0x000000008c000000|  0%| F|  |TAMS 0x000000008bf00000| PB 0x000000008bf00000| Untracked 
|  38|0x000000008c000000, 0x000000008c000000, 0x000000008c100000|  0%| F|  |TAMS 0x000000008c000000| PB 0x000000008c000000| Untracked 
|  39|0x000000008c100000, 0x000000008c100000, 0x000000008c200000|  0%| F|  |TAMS 0x000000008c100000| PB 0x000000008c100000| Untracked 
|  40|0x000000008c200000, 0x000000008c200000, 0x000000008c300000|  0%| F|  |TAMS 0x000000008c200000| PB 0x000000008c200000| Untracked 
|  41|0x000000008c300000, 0x000000008c300000, 0x000000008c400000|  0%| F|  |TAMS 0x000000008c300000| PB 0x000000008c300000| Untracked 
|  42|0x000000008c400000, 0x000000008c400000, 0x000000008c500000|  0%| F|  |TAMS 0x000000008c400000| PB 0x000000008c400000| Untracked 
|  43|0x000000008c500000, 0x000000008c500000, 0x000000008c600000|  0%| F|  |TAMS 0x000000008c500000| PB 0x000000008c500000| Untracked 
|  44|0x000000008c600000, 0x000000008c600000, 0x000000008c700000|  0%| F|  |TAMS 0x000000008c600000| PB 0x000000008c600000| Untracked 
|  45|0x000000008c700000, 0x000000008c700000, 0x000000008c800000|  0%| F|  |TAMS 0x000000008c700000| PB 0x000000008c700000| Untracked 
|  46|0x000000008c800000, 0x000000008c800000, 0x000000008c900000|  0%| F|  |TAMS 0x000000008c800000| PB 0x000000008c800000| Untracked 
|  47|0x000000008c900000, 0x000000008c900000, 0x000000008ca00000|  0%| F|  |TAMS 0x000000008c900000| PB 0x000000008c900000| Untracked 
|  48|0x000000008ca00000, 0x000000008ca00000, 0x000000008cb00000|  0%| F|  |TAMS 0x000000008ca00000| PB 0x000000008ca00000| Untracked 
|  49|0x000000008cb00000, 0x000000008cb00000, 0x000000008cc00000|  0%| F|  |TAMS 0x000000008cb00000| PB 0x000000008cb00000| Untracked 
|  50|0x000000008cc00000, 0x000000008cc00000, 0x000000008cd00000|  0%| F|  |TAMS 0x000000008cc00000| PB 0x000000008cc00000| Untracked 
|  51|0x000000008cd00000, 0x000000008cd00000, 0x000000008ce00000|  0%| F|  |TAMS 0x000000008cd00000| PB 0x000000008cd00000| Untracked 
|  52|0x000000008ce00000, 0x000000008ce00000, 0x000000008cf00000|  0%| F|  |TAMS 0x000000008ce00000| PB 0x000000008ce00000| Untracked 
|  53|0x000000008cf00000, 0x000000008cf00000, 0x000000008d000000|  0%| F|  |TAMS 0x000000008cf00000| PB 0x000000008cf00000| Untracked 
|  54|0x000000008d000000, 0x000000008d000000, 0x000000008d100000|  0%| F|  |TAMS 0x000000008d000000| PB 0x000000008d000000| Untracked 
|  55|0x000000008d100000, 0x000000008d100000, 0x000000008d200000|  0%| F|  |TAMS 0x000000008d100000| PB 0x000000008d100000| Untracked 
|  56|0x000000008d200000, 0x000000008d200000, 0x000000008d300000|  0%| F|  |TAMS 0x000000008d200000| PB 0x000000008d200000| Untracked 
|  57|0x000000008d300000, 0x000000008d300000, 0x000000008d400000|  0%| F|  |TAMS 0x000000008d300000| PB 0x000000008d300000| Untracked 
|  58|0x000000008d400000, 0x000000008d400000, 0x000000008d500000|  0%| F|  |TAMS 0x000000008d400000| PB 0x000000008d400000| Untracked 
|  59|0x000000008d500000, 0x000000008d500000, 0x000000008d600000|  0%| F|  |TAMS 0x000000008d500000| PB 0x000000008d500000| Untracked 
|  60|0x000000008d600000, 0x000000008d600000, 0x000000008d700000|  0%| F|  |TAMS 0x000000008d600000| PB 0x000000008d600000| Untracked 
|  61|0x000000008d700000, 0x000000008d700000, 0x000000008d800000|  0%| F|  |TAMS 0x000000008d700000| PB 0x000000008d700000| Untracked 
|  62|0x000000008d800000, 0x000000008d800000, 0x000000008d900000|  0%| F|  |TAMS 0x000000008d800000| PB 0x000000008d800000| Untracked 
|  63|0x000000008d900000, 0x000000008d900000, 0x000000008da00000|  0%| F|  |TAMS 0x000000008d900000| PB 0x000000008d900000| Untracked 
|  64|0x000000008da00000, 0x000000008da00000, 0x000000008db00000|  0%| F|  |TAMS 0x000000008da00000| PB 0x000000008da00000| Untracked 
|  65|0x000000008db00000, 0x000000008db00000, 0x000000008dc00000|  0%| F|  |TAMS 0x000000008db00000| PB 0x000000008db00000| Untracked 
|  66|0x000000008dc00000, 0x000000008dc00000, 0x000000008dd00000|  0%| F|  |TAMS 0x000000008dc00000| PB 0x000000008dc00000| Untracked 
|  67|0x000000008dd00000, 0x000000008dd00000, 0x000000008de00000|  0%| F|  |TAMS 0x000000008dd00000| PB 0x000000008dd00000| Untracked 
|  68|0x000000008de00000, 0x000000008de00000, 0x000000008df00000|  0%| F|  |TAMS 0x000000008de00000| PB 0x000000008de00000| Untracked 
|  69|0x000000008df00000, 0x000000008df00000, 0x000000008e000000|  0%| F|  |TAMS 0x000000008df00000| PB 0x000000008df00000| Untracked 
|  70|0x000000008e000000, 0x000000008e000000, 0x000000008e100000|  0%| F|  |TAMS 0x000000008e000000| PB 0x000000008e000000| Untracked 
|  71|0x000000008e100000, 0x000000008e100000, 0x000000008e200000|  0%| F|  |TAMS 0x000000008e100000| PB 0x000000008e100000| Untracked 
|  72|0x000000008e200000, 0x000000008e200000, 0x000000008e300000|  0%| F|  |TAMS 0x000000008e200000| PB 0x000000008e200000| Untracked 
|  73|0x000000008e300000, 0x000000008e300000, 0x000000008e400000|  0%| F|  |TAMS 0x000000008e300000| PB 0x000000008e300000| Untracked 
|  74|0x000000008e400000, 0x000000008e400000, 0x000000008e500000|  0%| F|  |TAMS 0x000000008e400000| PB 0x000000008e400000| Untracked 
|  75|0x000000008e500000, 0x000000008e500000, 0x000000008e600000|  0%| F|  |TAMS 0x000000008e500000| PB 0x000000008e500000| Untracked 
|  76|0x000000008e600000, 0x000000008e600000, 0x000000008e700000|  0%| F|  |TAMS 0x000000008e600000| PB 0x000000008e600000| Untracked 
|  77|0x000000008e700000, 0x000000008e700000, 0x000000008e800000|  0%| F|  |TAMS 0x000000008e700000| PB 0x000000008e700000| Untracked 
|  78|0x000000008e800000, 0x000000008e800000, 0x000000008e900000|  0%| F|  |TAMS 0x000000008e800000| PB 0x000000008e800000| Untracked 
|  79|0x000000008e900000, 0x000000008e900000, 0x000000008ea00000|  0%| F|  |TAMS 0x000000008e900000| PB 0x000000008e900000| Untracked 
|  80|0x000000008ea00000, 0x000000008ea00000, 0x000000008eb00000|  0%| F|  |TAMS 0x000000008ea00000| PB 0x000000008ea00000| Untracked 
|  81|0x000000008eb00000, 0x000000008eb00000, 0x000000008ec00000|  0%| F|  |TAMS 0x000000008eb00000| PB 0x000000008eb00000| Untracked 
|  82|0x000000008ec00000, 0x000000008ec00000, 0x000000008ed00000|  0%| F|  |TAMS 0x000000008ec00000| PB 0x000000008ec00000| Untracked 
|  83|0x000000008ed00000, 0x000000008ed00000, 0x000000008ee00000|  0%| F|  |TAMS 0x000000008ed00000| PB 0x000000008ed00000| Untracked 
|  84|0x000000008ee00000, 0x000000008ee00000, 0x000000008ef00000|  0%| F|  |TAMS 0x000000008ee00000| PB 0x000000008ee00000| Untracked 
|  85|0x000000008ef00000, 0x000000008ef00000, 0x000000008f000000|  0%| F|  |TAMS 0x000000008ef00000| PB 0x000000008ef00000| Untracked 
|  86|0x000000008f000000, 0x000000008f000000, 0x000000008f100000|  0%| F|  |TAMS 0x000000008f000000| PB 0x000000008f000000| Untracked 
|  87|0x000000008f100000, 0x000000008f100000, 0x000000008f200000|  0%| F|  |TAMS 0x000000008f100000| PB 0x000000008f100000| Untracked 
|  88|0x000000008f200000, 0x000000008f200000, 0x000000008f300000|  0%| F|  |TAMS 0x000000008f200000| PB 0x000000008f200000| Untracked 
|  89|0x000000008f300000, 0x000000008f300000, 0x000000008f400000|  0%| F|  |TAMS 0x000000008f300000| PB 0x000000008f300000| Untracked 
|  90|0x000000008f400000, 0x000000008f400000, 0x000000008f500000|  0%| F|  |TAMS 0x000000008f400000| PB 0x000000008f400000| Untracked 
|  91|0x000000008f500000, 0x000000008f500000, 0x000000008f600000|  0%| F|  |TAMS 0x000000008f500000| PB 0x000000008f500000| Untracked 
|  92|0x000000008f600000, 0x000000008f600000, 0x000000008f700000|  0%| F|  |TAMS 0x000000008f600000| PB 0x000000008f600000| Untracked 
|  93|0x000000008f700000, 0x000000008f700000, 0x000000008f800000|  0%| F|  |TAMS 0x000000008f700000| PB 0x000000008f700000| Untracked 
|  94|0x000000008f800000, 0x000000008f800000, 0x000000008f900000|  0%| F|  |TAMS 0x000000008f800000| PB 0x000000008f800000| Untracked 
|  95|0x000000008f900000, 0x000000008f900000, 0x000000008fa00000|  0%| F|  |TAMS 0x000000008f900000| PB 0x000000008f900000| Untracked 
|  96|0x000000008fa00000, 0x000000008fa00000, 0x000000008fb00000|  0%| F|  |TAMS 0x000000008fa00000| PB 0x000000008fa00000| Untracked 
|  97|0x000000008fb00000, 0x000000008fb00000, 0x000000008fc00000|  0%| F|  |TAMS 0x000000008fb00000| PB 0x000000008fb00000| Untracked 
|  98|0x000000008fc00000, 0x000000008fc00000, 0x000000008fd00000|  0%| F|  |TAMS 0x000000008fc00000| PB 0x000000008fc00000| Untracked 
|  99|0x000000008fd00000, 0x000000008fd00000, 0x000000008fe00000|  0%| F|  |TAMS 0x000000008fd00000| PB 0x000000008fd00000| Untracked 
| 100|0x000000008fe00000, 0x000000008fe00000, 0x000000008ff00000|  0%| F|  |TAMS 0x000000008fe00000| PB 0x000000008fe00000| Untracked 
| 101|0x000000008ff00000, 0x000000008ff00000, 0x0000000090000000|  0%| F|  |TAMS 0x000000008ff00000| PB 0x000000008ff00000| Untracked 
| 102|0x0000000090000000, 0x0000000090000000, 0x0000000090100000|  0%| F|  |TAMS 0x0000000090000000| PB 0x0000000090000000| Untracked 
| 103|0x0000000090100000, 0x0000000090100000, 0x0000000090200000|  0%| F|  |TAMS 0x0000000090100000| PB 0x0000000090100000| Untracked 
| 104|0x0000000090200000, 0x0000000090200000, 0x0000000090300000|  0%| F|  |TAMS 0x0000000090200000| PB 0x0000000090200000| Untracked 
| 105|0x0000000090300000, 0x0000000090400000, 0x0000000090400000|100%| S|CS|TAMS 0x0000000090300000| PB 0x0000000090300000| Complete 
| 106|0x0000000090400000, 0x0000000090500000, 0x0000000090500000|100%| S|CS|TAMS 0x0000000090400000| PB 0x0000000090400000| Complete 
| 107|0x0000000090500000, 0x0000000090500000, 0x0000000090600000|  0%| F|  |TAMS 0x0000000090500000| PB 0x0000000090500000| Untracked 
| 108|0x0000000090600000, 0x00000000906a3ab8, 0x0000000090700000| 63%| E|  |TAMS 0x0000000090600000| PB 0x0000000090600000| Complete 
| 109|0x0000000090700000, 0x0000000090800000, 0x0000000090800000|100%| E|CS|TAMS 0x0000000090700000| PB 0x0000000090700000| Complete 
| 110|0x0000000090800000, 0x0000000090900000, 0x0000000090900000|100%| E|CS|TAMS 0x0000000090800000| PB 0x0000000090800000| Complete 
| 111|0x0000000090900000, 0x0000000090a00000, 0x0000000090a00000|100%| E|CS|TAMS 0x0000000090900000| PB 0x0000000090900000| Complete 
| 112|0x0000000090a00000, 0x0000000090b00000, 0x0000000090b00000|100%| E|CS|TAMS 0x0000000090a00000| PB 0x0000000090a00000| Complete 
| 113|0x0000000090b00000, 0x0000000090c00000, 0x0000000090c00000|100%| E|CS|TAMS 0x0000000090b00000| PB 0x0000000090b00000| Complete 
| 114|0x0000000090c00000, 0x0000000090d00000, 0x0000000090d00000|100%| E|CS|TAMS 0x0000000090c00000| PB 0x0000000090c00000| Complete 
| 115|0x0000000090d00000, 0x0000000090e00000, 0x0000000090e00000|100%| E|CS|TAMS 0x0000000090d00000| PB 0x0000000090d00000| Complete 
| 116|0x0000000090e00000, 0x0000000090f00000, 0x0000000090f00000|100%| E|CS|TAMS 0x0000000090e00000| PB 0x0000000090e00000| Complete 
| 117|0x0000000090f00000, 0x0000000091000000, 0x0000000091000000|100%| E|CS|TAMS 0x0000000090f00000| PB 0x0000000090f00000| Complete 
| 118|0x0000000091000000, 0x0000000091100000, 0x0000000091100000|100%| E|CS|TAMS 0x0000000091000000| PB 0x0000000091000000| Complete 
| 119|0x0000000091100000, 0x0000000091200000, 0x0000000091200000|100%| E|CS|TAMS 0x0000000091100000| PB 0x0000000091100000| Complete 

Card table byte_map: [0x0000027fc0d30000,0x0000027fc10f0000] _byte_map_base: 0x0000027fc08e3000

Marking Bits: (CMBitMap*) 0x0000027fa9541df0
 Bits: [0x0000027fc10f0000, 0x0000027fc2e88000)

Polling page: 0x0000027fa7480000

Metaspace:

Usage:
  Non-class:      4.95 MB used.
      Class:    674.43 KB used.
       Both:      5.61 MB used.

Virtual space:
  Non-class space:       64.00 MB reserved,       5.06 MB (  8%) committed,  1 nodes.
      Class space:        1.00 GB reserved,     768.00 KB ( <1%) committed,  1 nodes.
             Both:        1.06 GB reserved,       5.81 MB ( <1%) committed. 

Chunk freelists:
   Non-Class:  9.08 MB
       Class:  15.27 MB
        Both:  24.34 MB

MaxMetaspaceSize: unlimited
CompressedClassSpaceSize: 1.00 GB
Initial GC threshold: 21.00 MB
Current GC threshold: 21.00 MB
CDS: on
 - commit_granule_bytes: 65536.
 - commit_granule_words: 8192.
 - virtual_space_node_default_size: 8388608.
 - enlarge_chunks_in_place: 1.
 - use_allocation_guard: 0.


Internal statistics:

num_allocs_failed_limit: 0.
num_arena_births: 64.
num_arena_deaths: 0.
num_vsnodes_births: 2.
num_vsnodes_deaths: 0.
num_space_committed: 93.
num_space_uncommitted: 0.
num_chunks_returned_to_freelist: 0.
num_chunks_taken_from_freelist: 235.
num_chunk_merges: 0.
num_chunk_splits: 146.
num_chunks_enlarged: 118.
num_inconsistent_stats: 0.

CodeHeap 'non-profiled nmethods': size=120000Kb used=344Kb max_used=344Kb free=119655Kb
 bounds [0x0000027fb9440000, 0x0000027fb96b0000, 0x0000027fc0970000]
CodeHeap 'profiled nmethods': size=120000Kb used=2290Kb max_used=2290Kb free=117709Kb
 bounds [0x0000027fb1970000, 0x0000027fb1be0000, 0x0000027fb8ea0000]
CodeHeap 'non-nmethods': size=5760Kb used=1357Kb max_used=1382Kb free=4402Kb
 bounds [0x0000027fb8ea0000, 0x0000027fb9110000, 0x0000027fb9440000]
 total_blobs=1617 nmethods=1155 adapters=367
 compilation: enabled
              stopped_count=0, restarted_count=0
 full_count=0

Compilation events (20 events):
Event: 1.539 Thread 0x0000027fc5341d30 nmethod 1143 0x0000027fb9495a90 code [0x0000027fb9495c20, 0x0000027fb9495ce8]
Event: 1.539 Thread 0x000002800b83c770 1135       4       sun.nio.cs.StreamDecoder::lockedRead (189 bytes)
Event: 1.545 Thread 0x0000027fc5341d30 1149       3       org.codehaus.plexus.util.xml.pull.MXParser::isWhitespace (115 bytes)
Event: 1.546 Thread 0x0000027fc5341d30 nmethod 1149 0x0000027fb1ba2890 code [0x0000027fb1ba2ac0, 0x0000027fb1ba3308]
Event: 1.546 Thread 0x0000027fc5341d30 1150       3       org.codehaus.plexus.util.xml.pull.MXParser::ensureElementsCapacity (265 bytes)
Event: 1.547 Thread 0x0000027fc5341d30 nmethod 1150 0x0000027fb1ba3510 code [0x0000027fb1ba3780, 0x0000027fb1ba47f8]
Event: 1.547 Thread 0x0000027fc5341d30 1151       3       org.codehaus.plexus.util.xml.pull.MXParser::nextTag (83 bytes)
Event: 1.549 Thread 0x0000027fc5341d30 nmethod 1151 0x0000027fb1ba4b10 code [0x0000027fb1ba4da0, 0x0000027fb1ba5700]
Event: 1.550 Thread 0x0000027fc5341d30 1152       3       org.codehaus.plexus.util.xml.pull.MXParser::newString (11 bytes)
Event: 1.550 Thread 0x0000027fc5341d30 nmethod 1152 0x0000027fb1ba5a90 code [0x0000027fb1ba5c40, 0x0000027fb1ba5de8]
Event: 1.552 Thread 0x0000027fc5341d30 1153       3       org.codehaus.plexus.util.xml.pull.MXParser::getName (84 bytes)
Event: 1.553 Thread 0x0000027fc5341d30 nmethod 1153 0x0000027fb1ba5f10 code [0x0000027fb1ba60e0, 0x0000027fb1ba6470]
Event: 1.564 Thread 0x0000027fc5341d30 1155       3       org.eclipse.sisu.plexus.PlexusXmlScanner::TEXT (10 bytes)
Event: 1.565 Thread 0x0000027fc5341d30 nmethod 1155 0x0000027fb1ba6590 code [0x0000027fb1ba6780, 0x0000027fb1ba6b20]
Event: 1.570 Thread 0x0000027fc5341d30 1156       3       java.lang.ThreadLocal::get (35 bytes)
Event: 1.570 Thread 0x0000027fc5341d30 nmethod 1156 0x0000027fb1ba6c90 code [0x0000027fb1ba6e60, 0x0000027fb1ba7168]
Event: 1.571 Thread 0x0000027fc5341d30 1158       3       java.lang.AbstractStringBuilder::charAt (36 bytes)
Event: 1.572 Thread 0x0000027fc5341d30 nmethod 1158 0x0000027fb1ba7290 code [0x0000027fb1ba7460, 0x0000027fb1ba7790]
Event: 1.572 Thread 0x0000027fc5341d30 1157       3       java.lang.StringBuilder::charAt (6 bytes)
Event: 1.572 Thread 0x0000027fc5341d30 nmethod 1157 0x0000027fb1ba7910 code [0x0000027fb1ba7ac0, 0x0000027fb1ba7c00]

GC Heap History (2 events):
Event: 1.134 GC heap before
{Heap before GC invocations=0 (full 0):
 garbage-first heap   total 122880K, used 13312K [0x0000000089a00000, 0x0000000100000000)
  region size 1024K, 13 young (13312K), 0 survivors (0K)
 Metaspace       used 3657K, committed 3904K, reserved 1114112K
  class space    used 372K, committed 512K, reserved 1048576K
}
Event: 1.143 GC heap after
{Heap after GC invocations=1 (full 0):
 garbage-first heap   total 122880K, used 3264K [0x0000000089a00000, 0x0000000100000000)
  region size 1024K, 2 young (2048K), 2 survivors (2048K)
 Metaspace       used 3657K, committed 3904K, reserved 1114112K
  class space    used 372K, committed 512K, reserved 1048576K
}

Dll operation events (8 events):
Event: 0.017 Loaded shared library C:\Program Files\Java\jdk-21\bin\java.dll
Event: 0.102 Loaded shared library C:\Program Files\Java\jdk-21\bin\jsvml.dll
Event: 0.160 Loaded shared library C:\Program Files\Java\jdk-21\bin\net.dll
Event: 0.165 Loaded shared library C:\Program Files\Java\jdk-21\bin\nio.dll
Event: 0.176 Loaded shared library C:\Program Files\Java\jdk-21\bin\zip.dll
Event: 0.499 Loaded shared library C:\Program Files\Java\jdk-21\bin\jimage.dll
Event: 0.500 Loaded shared library C:\Users\Admin\Downloads\apache-maven-3.9.11\lib\jansi-native\Windows\x86_64\jansi.dll
Event: 0.539 Loaded shared library C:\Program Files\Java\jdk-21\bin\verify.dll

Deoptimization events (20 events):
Event: 1.389 Thread 0x0000027fa726f1f0 Uncommon trap: trap_request=0xffffffde fr.pc=0x0000027fb948e2dc relative=0x000000000000013c
Event: 1.389 Thread 0x0000027fa726f1f0 Uncommon trap: reason=class_check action=maybe_recompile pc=0x0000027fb948e2dc method=jdk.internal.misc.Unsafe.allocateUninitializedArray(Ljava/lang/Class;I)Ljava/lang/Object; @ 51 c2
Event: 1.389 Thread 0x0000027fa726f1f0 DEOPT PACKING pc=0x0000027fb948e2dc sp=0x000000bb86ffc870
Event: 1.390 Thread 0x0000027fa726f1f0 DEOPT UNPACKING pc=0x0000027fb8ef46a2 sp=0x000000bb86ffc7e8 mode 2
Event: 1.467 Thread 0x0000027fa726f1f0 Uncommon trap: trap_request=0xffffff6e fr.pc=0x0000027fb947baec relative=0x000000000000042c
Event: 1.467 Thread 0x0000027fa726f1f0 Uncommon trap: reason=loop_limit_check action=maybe_recompile pc=0x0000027fb947baec method=java.lang.StringLatin1.indexOf([BI[BII)I @ 37 c2
Event: 1.467 Thread 0x0000027fa726f1f0 DEOPT PACKING pc=0x0000027fb947baec sp=0x000000bb86ffdab0
Event: 1.467 Thread 0x0000027fa726f1f0 DEOPT UNPACKING pc=0x0000027fb8ef46a2 sp=0x000000bb86ffda10 mode 2
Event: 1.472 Thread 0x0000027fa726f1f0 Uncommon trap: trap_request=0xffffffde fr.pc=0x0000027fb947a890 relative=0x00000000000006d0
Event: 1.472 Thread 0x0000027fa726f1f0 Uncommon trap: reason=class_check action=maybe_recompile pc=0x0000027fb947a890 method=java.util.regex.Matcher.search(I)Z @ 121 c2
Event: 1.472 Thread 0x0000027fa726f1f0 DEOPT PACKING pc=0x0000027fb947a890 sp=0x000000bb86ffdd80
Event: 1.472 Thread 0x0000027fa726f1f0 DEOPT UNPACKING pc=0x0000027fb8ef46a2 sp=0x000000bb86ffdd50 mode 2
Event: 1.473 Thread 0x0000027fa726f1f0 Uncommon trap: trap_request=0xffffff76 fr.pc=0x0000027fb94790c4 relative=0x0000000000000364
Event: 1.473 Thread 0x0000027fa726f1f0 Uncommon trap: reason=predicate action=maybe_recompile pc=0x0000027fb94790c4 method=java.util.regex.Pattern$BmpCharPropertyGreedy.match(Ljava/util/regex/Matcher;ILjava/lang/CharSequence;)Z @ 12 c2
Event: 1.473 Thread 0x0000027fa726f1f0 DEOPT PACKING pc=0x0000027fb94790c4 sp=0x000000bb86ffdb50
Event: 1.473 Thread 0x0000027fa726f1f0 DEOPT UNPACKING pc=0x0000027fb8ef46a2 sp=0x000000bb86ffdb08 mode 2
Event: 1.571 Thread 0x0000027fa726f1f0 Uncommon trap: trap_request=0xffffffde fr.pc=0x0000027fb947a890 relative=0x00000000000006d0
Event: 1.571 Thread 0x0000027fa726f1f0 Uncommon trap: reason=class_check action=maybe_recompile pc=0x0000027fb947a890 method=java.util.regex.Matcher.search(I)Z @ 121 c2
Event: 1.571 Thread 0x0000027fa726f1f0 DEOPT PACKING pc=0x0000027fb947a890 sp=0x000000bb86ffdd80
Event: 1.571 Thread 0x0000027fa726f1f0 DEOPT UNPACKING pc=0x0000027fb8ef46a2 sp=0x000000bb86ffdd50 mode 2

Classes loaded (20 events):
Event: 1.377 Loading class java/lang/reflect/UndeclaredThrowableException done
Event: 1.382 Loading class java/lang/annotation/Target
Event: 1.382 Loading class java/lang/annotation/Target done
Event: 1.382 Loading class java/lang/annotation/ElementType
Event: 1.383 Loading class java/lang/annotation/ElementType done
Event: 1.383 Loading class java/lang/annotation/Documented
Event: 1.383 Loading class java/lang/annotation/Documented done
Event: 1.404 Loading class java/util/concurrent/TimeoutException
Event: 1.404 Loading class java/util/concurrent/TimeoutException done
Event: 1.404 Loading class java/util/concurrent/CancellationException
Event: 1.404 Loading class java/util/concurrent/CancellationException done
Event: 1.417 Loading class java/lang/reflect/ParameterizedType
Event: 1.418 Loading class java/lang/reflect/ParameterizedType done
Event: 1.425 Loading class java/lang/reflect/WildcardType
Event: 1.425 Loading class java/lang/reflect/WildcardType done
Event: 1.430 Loading class sun/reflect/generics/tree/TypeVariableSignature
Event: 1.430 Loading class sun/reflect/generics/tree/TypeVariableSignature done
Event: 1.460 Loading class java/lang/annotation/IncompleteAnnotationException
Event: 1.460 Loading class java/lang/annotation/IncompleteAnnotationException done
Event: 1.578 Loading class java/lang/foreign/MemorySegment

Classes unloaded (0 events):
No events

Classes redefined (0 events):
No events

Internal exceptions (20 events):
Event: 0.512 Thread 0x0000027fa726f1f0 Exception <a 'java/lang/NullPointerException'{0x0000000090dfea48}> (0x0000000090dfea48) 
thrown [s\open\src\hotspot\share\interpreter\linkResolver.cpp, line 1372]
Event: 0.512 Thread 0x0000027fa726f1f0 Exception <a 'java/lang/NullPointerException'{0x0000000090dfed28}> (0x0000000090dfed28) 
thrown [s\open\src\hotspot\share\interpreter\linkResolver.cpp, line 1372]
Event: 0.512 Thread 0x0000027fa726f1f0 Exception <a 'java/lang/NullPointerException'{0x0000000090dff008}> (0x0000000090dff008) 
thrown [s\open\src\hotspot\share\interpreter\linkResolver.cpp, line 1372]
Event: 0.515 Thread 0x0000027fa726f1f0 Exception <a 'java/lang/NullPointerException'{0x0000000090c489c8}> (0x0000000090c489c8) 
thrown [s\open\src\hotspot\share\interpreter\linkResolver.cpp, line 1372]
Event: 0.519 Thread 0x0000027fa726f1f0 Exception <a 'java/lang/NullPointerException'{0x0000000090c5c618}> (0x0000000090c5c618) 
thrown [s\open\src\hotspot\share\interpreter\linkResolver.cpp, line 1372]
Event: 0.519 Thread 0x0000027fa726f1f0 Exception <a 'java/lang/NullPointerException'{0x0000000090c5c8f8}> (0x0000000090c5c8f8) 
thrown [s\open\src\hotspot\share\interpreter\linkResolver.cpp, line 1372]
Event: 0.519 Thread 0x0000027fa726f1f0 Exception <a 'java/lang/NullPointerException'{0x0000000090c5cbd8}> (0x0000000090c5cbd8) 
thrown [s\open\src\hotspot\share\interpreter\linkResolver.cpp, line 1372]
Event: 0.519 Thread 0x0000027fa726f1f0 Exception <a 'java/lang/NullPointerException'{0x0000000090c5ceb8}> (0x0000000090c5ceb8) 
thrown [s\open\src\hotspot\share\interpreter\linkResolver.cpp, line 1372]
Event: 0.559 Thread 0x0000027fa726f1f0 Exception <a 'java/lang/NoSuchMethodError'{0x0000000090cd7df8}: 'void java.lang.invoke.DirectMethodHandle$Holder.invokeStatic(java.lang.Object, java.lang.Object)'> (0x0000000090cd7df8) 
thrown [s\open\src\hotspot\share\interpreter\linkResolver.cpp, line 773]
Event: 0.560 Thread 0x0000027fa726f1f0 Exception <a 'java/lang/NoSuchMethodError'{0x0000000090cdb1c8}: 'void java.lang.invoke.DirectMethodHandle$Holder.invokeStaticInit(java.lang.Object, java.lang.Object)'> (0x0000000090cdb1c8) 
thrown [s\open\src\hotspot\share\interpreter\linkResolver.cpp, line 773]
Event: 0.589 Thread 0x0000027fa726f1f0 Exception <a 'java/lang/NoSuchMethodError'{0x0000000090b260f0}: 'void java.lang.invoke.DirectMethodHandle$Holder.invokeStatic(java.lang.Object, java.lang.Object, java.lang.Object)'> (0x0000000090b260f0) 
thrown [s\open\src\hotspot\share\interpreter\linkResolver.cpp, line 773]
Event: 0.716 Thread 0x0000027fa726f1f0 Exception <a 'java/lang/NoSuchMethodError'{0x0000000090aa3220}: 'java.lang.Object java.lang.invoke.DirectMethodHandle$Holder.invokeSpecialIFC(java.lang.Object, java.lang.Object, java.lang.Object, java.lang.Object)'> (0x0000000090aa3220) 
thrown [s\open\src\hotspot\share\interpreter\linkResolver.cpp, line 773]
Event: 1.170 Thread 0x0000027fa726f1f0 Exception <a 'java/lang/NoSuchMethodError'{0x00000000911a1aa8}: 'void java.lang.invoke.DirectMethodHandle$Holder.invokeSpecial(java.lang.Object, java.lang.Object, java.lang.Object)'> (0x00000000911a1aa8) 
thrown [s\open\src\hotspot\share\interpreter\linkResolver.cpp, line 773]
Event: 1.244 Thread 0x0000027fa726f1f0 Exception <a 'java/lang/NoSuchMethodError'{0x0000000090f1a6f8}: 'java.lang.Object java.lang.invoke.DirectMethodHandle$Holder.invokeInterface(java.lang.Object, java.lang.Object)'> (0x0000000090f1a6f8) 
thrown [s\open\src\hotspot\share\interpreter\linkResolver.cpp, line 773]
Event: 1.283 Thread 0x0000027fa726f1f0 Exception <a 'java/lang/NoSuchMethodError'{0x0000000090fbc5c0}: 'int java.lang.invoke.DirectMethodHandle$Holder.invokeStatic(java.lang.Object, java.lang.Object, java.lang.Object, java.lang.Object)'> (0x0000000090fbc5c0) 
thrown [s\open\src\hotspot\share\interpreter\linkResolver.cpp, line 773]
Event: 1.284 Thread 0x0000027fa726f1f0 Exception <a 'java/lang/NoSuchMethodError'{0x0000000090fbfc40}: 'java.lang.Object java.lang.invoke.Invokers$Holder.invokeExact_MT(java.lang.Object, java.lang.Object, java.lang.Object, java.lang.Object, java.lang.Object, java.lang.Object)'> (0x0000000090fbfc40) 
thrown [s\open\src\hotspot\share\interpreter\linkResolver.cpp, line 773]
Event: 1.289 Thread 0x0000027fa726f1f0 Exception <a 'java/lang/NoSuchMethodError'{0x0000000090fce330}: 'int java.lang.invoke.DirectMethodHandle$Holder.invokeSpecialIFC(java.lang.Object, java.lang.Object, java.lang.Object, java.lang.Object, java.lang.Object)'> (0x0000000090fce330) 
thrown [s\open\src\hotspot\share\interpreter\linkResolver.cpp, line 773]
Event: 1.384 Thread 0x0000027fa726f1f0 Exception <a 'java/lang/NoSuchMethodError'{0x0000000090d6db60}: 'java.lang.Object java.lang.invoke.DirectMethodHandle$Holder.newInvokeSpecial(java.lang.Object, java.lang.Object, java.lang.Object, java.lang.Object, java.lang.Object)'> (0x0000000090d6db60) 
thrown [s\open\src\hotspot\share\interpreter\linkResolver.cpp, line 773]
Event: 1.444 Thread 0x0000027fa726f1f0 Exception <a 'java/lang/NoSuchMethodError'{0x0000000090c8c650}: 'int java.lang.invoke.DirectMethodHandle$Holder.invokeStaticInit(java.lang.Object, java.lang.Object)'> (0x0000000090c8c650) 
thrown [s\open\src\hotspot\share\interpreter\linkResolver.cpp, line 773]
Event: 1.461 Thread 0x0000027fa726f1f0 Exception <a 'java/lang/NoClassDefFoundError'{0x0000000090cc4238}: javax/enterprise/inject/Typed> (0x0000000090cc4238) 
thrown [s\open\src\hotspot\share\classfile\systemDictionary.cpp, line 301]

ZGC Phase Switch (0 events):
No events

VM Operations (8 events):
Event: 0.179 Executing VM operation: HandshakeAllThreads (Deoptimize)
Event: 0.179 Executing VM operation: HandshakeAllThreads (Deoptimize) done
Event: 0.486 Executing VM operation: HandshakeAllThreads (Deoptimize)
Event: 0.486 Executing VM operation: HandshakeAllThreads (Deoptimize) done
Event: 0.509 Executing VM operation: HandshakeAllThreads (Deoptimize)
Event: 0.509 Executing VM operation: HandshakeAllThreads (Deoptimize) done
Event: 1.134 Executing VM operation: G1CollectForAllocation (G1 Evacuation Pause)
Event: 1.143 Executing VM operation: G1CollectForAllocation (G1 Evacuation Pause) done

Events (14 events):
Event: 0.043 Thread 0x0000027fa726f1f0 Thread added: 0x0000027fa726f1f0
Event: 0.095 Thread 0x0000027fc533a980 Thread added: 0x0000027fc533a980
Event: 0.095 Thread 0x0000027fc533b850 Thread added: 0x0000027fc533b850
Event: 0.096 Thread 0x0000027fc533d5d0 Thread added: 0x0000027fc533d5d0
Event: 0.096 Thread 0x0000027fc533e030 Thread added: 0x0000027fc533e030
Event: 0.096 Thread 0x0000027fc533ea90 Thread added: 0x0000027fc533ea90
Event: 0.097 Thread 0x0000027fc533f4f0 Thread added: 0x0000027fc533f4f0
Event: 0.097 Thread 0x0000027fc5340280 Thread added: 0x0000027fc5340280
Event: 0.100 Thread 0x0000027fc5341d30 Thread added: 0x0000027fc5341d30
Event: 0.150 Thread 0x0000027fc5596bb0 Thread added: 0x0000027fc5596bb0
Event: 0.152 Thread 0x0000027fc5598200 Thread added: 0x0000027fc5598200
Event: 0.495 Thread 0x000002800b07b7f0 Thread added: 0x000002800b07b7f0
Event: 0.521 Thread 0x000002800b07b7f0 Thread exited: 0x000002800b07b7f0
Event: 1.538 Thread 0x000002800b83c770 Thread added: 0x000002800b83c770


Dynamic libraries:
0x00007ff787190000 - 0x00007ff7871a0000 	C:\Program Files\Java\jdk-21\bin\java.exe
0x00007ffe8c1d0000 - 0x00007ffe8c3c8000 	C:\WINDOWS\SYSTEM32\ntdll.dll
0x00007ffe8ba80000 - 0x00007ffe8bb42000 	C:\WINDOWS\System32\KERNEL32.DLL
0x00007ffe89c80000 - 0x00007ffe89f76000 	C:\WINDOWS\System32\KERNELBASE.dll
0x00007ffe899e0000 - 0x00007ffe89ae0000 	C:\WINDOWS\System32\ucrtbase.dll
0x00007ffe69a60000 - 0x00007ffe69a7b000 	C:\Program Files\Java\jdk-21\bin\VCRUNTIME140.dll
0x00007ffe6a350000 - 0x00007ffe6a369000 	C:\Program Files\Java\jdk-21\bin\jli.dll
0x00007ffe8b8a0000 - 0x00007ffe8b951000 	C:\WINDOWS\System32\ADVAPI32.dll
0x00007ffe8c0f0000 - 0x00007ffe8c18e000 	C:\WINDOWS\System32\msvcrt.dll
0x00007ffe8be70000 - 0x00007ffe8bf0f000 	C:\WINDOWS\System32\sechost.dll
0x00007ffe8b780000 - 0x00007ffe8b8a0000 	C:\WINDOWS\System32\RPCRT4.dll
0x00007ffe899b0000 - 0x00007ffe899d7000 	C:\WINDOWS\System32\bcrypt.dll
0x00007ffe8b5d0000 - 0x00007ffe8b771000 	C:\WINDOWS\System32\USER32.dll
0x00007ffe8a1c0000 - 0x00007ffe8a1e2000 	C:\WINDOWS\System32\win32u.dll
0x00007ffe8c0c0000 - 0x00007ffe8c0eb000 	C:\WINDOWS\System32\GDI32.dll
0x00007ffe89b60000 - 0x00007ffe89c79000 	C:\WINDOWS\System32\gdi32full.dll
0x00007ffe89860000 - 0x00007ffe898fd000 	C:\WINDOWS\System32\msvcp_win.dll
0x00007ffe77700000 - 0x00007ffe7799b000 	C:\WINDOWS\WinSxS\amd64_microsoft.windows.common-controls_6595b64144ccf1df_6.0.19041.6456_none_60b8a6cb71f64256\COMCTL32.dll
0x00007ffe83770000 - 0x00007ffe8377a000 	C:\WINDOWS\SYSTEM32\VERSION.dll
0x00007ffe8b960000 - 0x00007ffe8b98f000 	C:\WINDOWS\System32\IMM32.DLL
0x00007ffe69990000 - 0x00007ffe6999c000 	C:\Program Files\Java\jdk-21\bin\vcruntime140_1.dll
0x00007ffe69700000 - 0x00007ffe6978e000 	C:\Program Files\Java\jdk-21\bin\msvcp140.dll
0x00007ffe689f0000 - 0x00007ffe696fd000 	C:\Program Files\Java\jdk-21\bin\server\jvm.dll
0x00007ffe8bf10000 - 0x00007ffe8bf7b000 	C:\WINDOWS\System32\WS2_32.dll
0x00007ffe896c0000 - 0x00007ffe8970b000 	C:\WINDOWS\SYSTEM32\POWRPROF.dll
0x00007ffe779b0000 - 0x00007ffe779d7000 	C:\WINDOWS\SYSTEM32\WINMM.dll
0x00007ffe896a0000 - 0x00007ffe896b2000 	C:\WINDOWS\SYSTEM32\UMPDC.dll
0x00007ffe87700000 - 0x00007ffe87712000 	C:\WINDOWS\SYSTEM32\kernel.appcore.dll
0x00007ffe6a150000 - 0x00007ffe6a15a000 	C:\Program Files\Java\jdk-21\bin\jimage.dll
0x00007ffe83df0000 - 0x00007ffe83ff1000 	C:\WINDOWS\SYSTEM32\DBGHELP.DLL
0x00007ffe722f0000 - 0x00007ffe72324000 	C:\WINDOWS\SYSTEM32\dbgcore.DLL
0x00007ffe89f80000 - 0x00007ffe8a002000 	C:\WINDOWS\System32\bcryptPrimitives.dll
0x00007ffe6a000000 - 0x00007ffe6a01f000 	C:\Program Files\Java\jdk-21\bin\java.dll
0x00007ffe8a900000 - 0x00007ffe8b070000 	C:\WINDOWS\System32\SHELL32.dll
0x00007ffe87890000 - 0x00007ffe88035000 	C:\WINDOWS\SYSTEM32\windows.storage.dll
0x00007ffe8a300000 - 0x00007ffe8a654000 	C:\WINDOWS\System32\combase.dll
0x00007ffe890d0000 - 0x00007ffe890fb000 	C:\WINDOWS\SYSTEM32\Wldp.dll
0x00007ffe8a660000 - 0x00007ffe8a72d000 	C:\WINDOWS\System32\OLEAUT32.dll
0x00007ffe8a730000 - 0x00007ffe8a7dd000 	C:\WINDOWS\System32\SHCORE.dll
0x00007ffe8b080000 - 0x00007ffe8b0db000 	C:\WINDOWS\System32\shlwapi.dll
0x00007ffe89790000 - 0x00007ffe897b4000 	C:\WINDOWS\SYSTEM32\profapi.dll
0x00007ffe68140000 - 0x00007ffe68217000 	C:\Program Files\Java\jdk-21\bin\jsvml.dll
0x00007ffe69a80000 - 0x00007ffe69a90000 	C:\Program Files\Java\jdk-21\bin\net.dll
0x00007ffe86d20000 - 0x00007ffe86e2a000 	C:\WINDOWS\SYSTEM32\WINHTTP.dll
0x00007ffe88eb0000 - 0x00007ffe88f1a000 	C:\WINDOWS\system32\mswsock.dll
0x00007ffe69790000 - 0x00007ffe697a6000 	C:\Program Files\Java\jdk-21\bin\nio.dll
0x00007ffe680e0000 - 0x00007ffe680f8000 	C:\Program Files\Java\jdk-21\bin\zip.dll
0x00007ffe53240000 - 0x00007ffe53264000 	C:\Users\Admin\Downloads\apache-maven-3.9.11\lib\jansi-native\Windows\x86_64\jansi.dll
0x00007ffe6f420000 - 0x00007ffe6f430000 	C:\Program Files\Java\jdk-21\bin\verify.dll

dbghelp: loaded successfully - version: 4.0.5 - missing functions: none
symbol engine: initialized successfully - sym options: 0x614 - pdb path: .;C:\Program Files\Java\jdk-21\bin;C:\WINDOWS\SYSTEM32;C:\WINDOWS\WinSxS\amd64_microsoft.windows.common-controls_6595b64144ccf1df_6.0.19041.6456_none_60b8a6cb71f64256;C:\Program Files\Java\jdk-21\bin\server;C:\Users\Admin\Downloads\apache-maven-3.9.11\lib\jansi-native\Windows\x86_64

VM Arguments:
jvm_args: --enable-native-access=ALL-UNNAMED -Dclassworlds.conf=C:\Users\Admin\Downloads\apache-maven-3.9.11\bin\m2.conf -Dmaven.home=C:\Users\Admin\Downloads\apache-maven-3.9.11 -Dlibrary.jansi.path=C:\Users\Admin\Downloads\apache-maven-3.9.11\lib\jansi-native -Dmaven.multiModuleProjectDirectory=C:\Users\Admin\E-Banking__3.0\transaction-service 
java_command: org.codehaus.plexus.classworlds.launcher.Launcher spring-boot:run -Dspring-boot.run.jvmArguments=-Xms64m -Xmx256m -XX:+UseSerialGC
java_class_path (initial): C:\Users\Admin\Downloads\apache-maven-3.9.11\boot\plexus-classworlds-2.9.0.jar
Launcher Type: SUN_STANDARD

[Global flags]
     intx CICompilerCount                          = 3                                         {product} {ergonomic}
     uint ConcGCThreads                            = 1                                         {product} {ergonomic}
     uint G1ConcRefinementThreads                  = 4                                         {product} {ergonomic}
   size_t G1HeapRegionSize                         = 1048576                                   {product} {ergonomic}
    uintx GCDrainStackTargetSize                   = 64                                        {product} {ergonomic}
   size_t InitialHeapSize                          = 125829120                                 {product} {ergonomic}
   size_t MarkStackSize                            = 4194304                                   {product} {ergonomic}
   size_t MaxHeapSize                              = 1986002944                                {product} {ergonomic}
   size_t MaxNewSize                               = 1191182336                                {product} {ergonomic}
   size_t MinHeapDeltaBytes                        = 1048576                                   {product} {ergonomic}
   size_t MinHeapSize                              = 8388608                                   {product} {ergonomic}
    uintx NonNMethodCodeHeapSize                   = 5832780                                {pd product} {ergonomic}
    uintx NonProfiledCodeHeapSize                  = 122912730                              {pd product} {ergonomic}
    uintx ProfiledCodeHeapSize                     = 122912730                              {pd product} {ergonomic}
    uintx ReservedCodeCacheSize                    = 251658240                              {pd product} {ergonomic}
     bool SegmentedCodeCache                       = true                                      {product} {ergonomic}
   size_t SoftMaxHeapSize                          = 1986002944                             {manageable} {ergonomic}
     bool UseCompressedOops                        = true                           {product lp64_product} {ergonomic}
     bool UseG1GC                                  = true                                      {product} {ergonomic}
     bool UseLargePagesIndividualAllocation        = false                                  {pd product} {ergonomic}

Logging:
Log output configuration:
 #0: stdout all=warning uptime,level,tags foldmultilines=false
 #1: stderr all=off uptime,level,tags foldmultilines=false

Environment Variables:
PATH=C:\oraclexe\app\oracle\product\11.2.0\server\bin;C:\Python312\Scripts\;C:\Python312\;C:\Program Files\Common Files\Oracle\Java\javapath;C:\WINDOWS\system32;C:\WINDOWS;C:\WINDOWS\System32\Wbem;C:\WINDOWS\System32\WindowsPowerShell\v1.0\;C:\WINDOWS\System32\OpenSSH\;C:\Program Files (x86)\dotnet\;C:\Program Files\dotnet\;C:\Program Files\Microsoft SQL Server\150\Tools\Binn\;C:\Program Files\Microsoft SQL Server\Client SDK\ODBC\170\Tools\Binn\;C:\Program Files (x86)\Windows Kits\10\Windows Performance Toolkit\;C:\Users\Admin\Downloads\opencv\build\x64\vc16\bin;C:\ProgramData\chocolatey\bin;C:\Program Files\Git\cmd;C:\Program Files\Docker\Docker\resources\bin;C:\Program Files\Kubernetes\Minikube;C:\Users\Admin\Downloads\opencv\build\x64\vc16\bin;C:\Users\Admin\AppData\Roaming\Python\Python312\Scripts;C:\Users\Admin\AppData\Roaming\Python\Python312\Scripts\import_pb_to_tensorboard.exe;C:\Users\Admin\AppData\Roaming\Python\Python312\Scripts\tensorboard.exe;C:\Users\Admin\AppData\Roaming\Python\Python312\Scripts\tf_upgrade_v2.exe;C:\Users\Admin\AppData\Roaming\Python\Python312\Scripts\tflite_convert.exe;C:\Users\Admin\AppData\Roaming\Python\Python312\Scripts\toco.exe;C:\Users\Admin\AppData\Roaming\Python\Python312\Scripts\toco_from_protos.exe;C:\Users\Admin\AppData\Local\nvm;C:\nvm4w\nodejs;C:\Users\Admin\Downloads\sf-64.exe;C:\Program Files\nodejs;C:\Program Files\nodejs\node_modules\npm\bin;C:\Program Files\sf\bin;C:\Program Files\sf\bin\sfdx.cmd;C:\Program Files\dotnet\;C:\Program Files\dotnet\dotnet.exe;C:\Users\Admin\Downloads\jdk-21_windows-x64_bin.exe;C:\Users\Admin\Downloads\apache-maven-3.9.11\bin;C:\Program Files\MySQL\MySQL Shell 8.0\bin\;C:\Users\Admin\anaconda3;C:\Users\Admin\anaconda3\Library\mingw-w64\bin;C:\Users\Admin\anaconda3\Library\usr\bin;C:\Users\Admin\anaconda3\Library\bin;C:\Users\Admin\anaconda3\Scripts;C:\Users\Admin\AppData\Local\Programs\Python\Python311\Scripts\;C:\Users\Admin\AppData\Local\Programs\Python\Python311\;C:\Users\Admin\AppData\Local\Microsoft\WindowsApps;C:\Users\Admin\AppData\Local\Programs\Microsoft VS Code\bin;C:\msys64\mingw64\bin;C:\Users\Admin\Downloads\opencv\build\x64\vc16\bin;C:\Users\Admin\.dotnet\tools;C:\Users\Admin\AppData\Local\GitHubDesktop\bin;C:\Users\Admin\Downloads\opencv\build\x64\vc16\bin;C:\Users\Admin\Downloads\opencv\build\x64\vc16\lib;C:\Users\Admin\AppData\Local\nvm;C:\nvm4w\nodejs;C:\Users\Admin\AppData\Roaming\npm
USERNAME=Admin
OS=Windows_NT
PROCESSOR_IDENTIFIER=Intel64 Family 6 Model 78 Stepping 3, GenuineIntel
TMP=C:\Users\Admin\AppData\Local\Temp
TEMP=C:\Users\Admin\AppData\Local\Temp




Periodic native trim disabled

---------------  S Y S T E M  ---------------

OS:
 Windows 10 , 64 bit Build 19041 (10.0.19041.5915)
OS uptime: 0 days 19:22 hours
Hyper-V role detected

CPU: total 4 (initial active 4) (2 cores per cpu, 2 threads per core) family 6 model 78 stepping 3 microcode 0xcc, cx8, cmov, fxsr, ht, mmx, 3dnowpref, sse, sse2, sse3, ssse3, sse4.1, sse4.2, popcnt, lzcnt, tsc, tscinvbit, avx, avx2, aes, erms, clmul, bmi1, bmi2, rtm, adx, fma, vzeroupper, clflush, clflushopt, hv, rdtscp, f16c
Processor Information for all 4 processors :
  Max Mhz: 2496, Current Mhz: 798, Mhz Limit: 798

Memory: 4k page, system-wide physical 7572M (1060M free)
TotalPageFile size 23817M (AvailPageFile size 4M)
current process WorkingSet (physical memory assigned to process): 73M, peak: 73M
current process commit charge ("private bytes"): 211M, peak: 212M

vm_info: Java HotSpot(TM) 64-Bit Server VM (21.0.3+7-LTS-152) for windows-amd64 JRE (21.0.3+7-LTS-152), built on 2024-03-11T17:42:26Z by "mach5one" with MS VC++ 17.6 (VS2022)

END.
