#
# There is insufficient memory for the Java Runtime Environment to continue.
# Native memory allocation (mmap) failed to map 125829120 bytes for G1 virtual space
# Possible reasons:
#   The system is out of physical RAM or swap space
#   The process is running with CompressedOops enabled, and the Java Heap may be blocking the growth of the native heap
# Possible solutions:
#   Reduce memory load on the system
#   Increase physical memory or swap space
#   Check if swap backing store is full
#   Decrease Java heap size (-Xmx/-Xms)
#   Decrease number of Java threads
#   Decrease Java thread stack sizes (-Xss)
#   Set larger code cache with -XX:ReservedCodeCacheSize=
#   JVM is running with Unscaled Compressed Oops mode in which the Java heap is
#     placed in the first 4GB address space. The Java Heap base address is the
#     maximum limit for the native heap growth. Please use -XX:HeapBaseMinAddress
#     to set the Java Heap base and to place the Java Heap above 4GB virtual address.
# This output file may be truncated or incomplete.
#
#  Out of Memory Error (os_windows.cpp:3600), pid=22148, tid=23476
#
# JRE version:  (21.0.3+7) (build )
# Java VM: Java HotSpot(TM) 64-Bit Server VM (21.0.3+7-LTS-152, mixed mode, sharing, tiered, compressed oops, compressed class ptrs, g1 gc, windows-amd64)
# No core dump will be written. Minidumps are not enabled by default on client versions of Windows
#

---------------  S U M M A R Y ------------

Command Line: -Dclassworlds.conf=C:\Users\Admin\Downloads\apache-maven-3.9.11\bin\m2.conf -Dmaven.home=C:\Users\Admin\Downloads\apache-maven-3.9.11 -Dlibrary.jansi.path=C:\Users\Admin\Downloads\apache-maven-3.9.11\lib\jansi-native -Dmaven.multiModuleProjectDirectory=C:\Users\Admin\E-Banking__3.0\account-service org.codehaus.plexus.classworlds.launcher.Launcher spring-boot:run

Host: Intel(R) Core(TM) i5-6300U CPU @ 2.40GHz, 4 cores, 7G,  Windows 10 , 64 bit Build 19041 (10.0.19041.5915)
Time: Mon Jan  5 10:18:59 2026 Morocco Summer Time elapsed time: 0.018953 seconds (0d 0h 0m 0s)

---------------  T H R E A D  ---------------

Current thread (0x00000204ddd9f130):  JavaThread "Unknown thread" [_thread_in_vm, id=23476, stack(0x0000007175200000,0x0000007175300000) (1024K)]

Stack: [0x0000007175200000,0x0000007175300000]
Native frames: (J=compiled Java code, j=interpreted, Vv=VM code, C=native code)
V  [jvm.dll+0x6c63b9]
V  [jvm.dll+0x84fa11]
V  [jvm.dll+0x851f3e]
V  [jvm.dll+0x852613]
V  [jvm.dll+0x27cd46]
V  [jvm.dll+0x6c2b55]
V  [jvm.dll+0x6b76da]
V  [jvm.dll+0x35051a]
V  [jvm.dll+0x358176]
V  [jvm.dll+0x3aa84e]
V  [jvm.dll+0x3aaaf8]
V  [jvm.dll+0x32491c]
V  [jvm.dll+0x32547b]
V  [jvm.dll+0x818f69]
V  [jvm.dll+0x3b7771]
V  [jvm.dll+0x802358]
V  [jvm.dll+0x44c7ce]
V  [jvm.dll+0x44e2a1]
C  [jli.dll+0x52a3]
C  [ucrtbase.dll+0x21bb2]
C  [KERNEL32.DLL+0x17374]
C  [ntdll.dll+0x4cc91]


---------------  P R O C E S S  ---------------

Threads class SMR info:
_java_thread_list=0x00007ffe695b1b88, length=0, elements={
}

Java Threads: ( => current thread )
Total: 0

Other Threads:
  0x00000204dfe90b60 WorkerThread "GC Thread#0"                     [id=15428, stack(0x0000007175300000,0x0000007175400000) (1024K)]
  0x00000204dfea09b0 ConcurrentGCThread "G1 Main Marker"            [id=20124, stack(0x0000007175400000,0x0000007175500000) (1024K)]
  0x00000204dfea1c50 WorkerThread "G1 Conc#0"                       [id=11824, stack(0x0000007175500000,0x0000007175600000) (1024K)]

[error occurred during error reporting (printing all threads), id 0xc0000005, EXCEPTION_ACCESS_VIOLATION (0xc0000005) at pc=0x00007ffe68d27077]
VM state: not at safepoint (not fully initialized)

VM Mutex/Monitor currently owned by a thread:  ([mutex/lock_event])
[0x00007ffe69622ea8] Heap_lock - owner thread: 0x00000204ddd9f130

Heap address: 0x0000000089a00000, size: 1894 MB, Compressed Oops mode: 32-bit

CDS archive(s) mapped at: [0x0000000000000000-0x0000000000000000-0x0000000000000000), size 0, SharedBaseAddress: 0x0000000800000000, ArchiveRelocationMode: 1.
Narrow klass base: 0x0000000000000000, Narrow klass shift: 0, Narrow klass range: 0x0

GC Precious Log:
 CardTable entry size: 512
 Card Set container configuration: InlinePtr #cards 5 size 8 Array Of Cards #cards 12 size 40 Howl #buckets 4 coarsen threshold 1843 Howl Bitmap #cards 512 size 80 coarsen threshold 460 Card regions per heap region 1 cards per card region 2048

Heap:
 garbage-first heap   total 0K, used 0K [0x0000000089a00000, 0x0000000100000000)
  region size 1024K, 0 young (0K), 0 survivors (0K)

[error occurred during error reporting (printing heap information), id 0xc0000005, EXCEPTION_ACCESS_VIOLATION (0xc0000005) at pc=0x00007ffe6910e669]
GC Heap History (0 events):
No events

Dll operation events (1 events):
Event: 0.011 Loaded shared library C:\Program Files\Java\jdk-21\bin\java.dll

Deoptimization events (0 events):
No events

Classes loaded (0 events):
No events

Classes unloaded (0 events):
No events

Classes redefined (0 events):
No events

Internal exceptions (0 events):
No events

ZGC Phase Switch (0 events):
No events

VM Operations (0 events):
No events

Events (0 events):
No events


Dynamic libraries:
0x00007ff787190000 - 0x00007ff7871a0000 	C:\Program Files\Java\jdk-21\bin\java.exe
0x00007ffe8c1d0000 - 0x00007ffe8c3c8000 	C:\WINDOWS\SYSTEM32\ntdll.dll
0x00007ffe8ba80000 - 0x00007ffe8bb42000 	C:\WINDOWS\System32\KERNEL32.DLL
0x00007ffe89c80000 - 0x00007ffe89f76000 	C:\WINDOWS\System32\KERNELBASE.dll
0x00007ffe899e0000 - 0x00007ffe89ae0000 	C:\WINDOWS\System32\ucrtbase.dll
0x00007ffe69a60000 - 0x00007ffe69a7b000 	C:\Program Files\Java\jdk-21\bin\VCRUNTIME140.dll
0x00007ffe6a350000 - 0x00007ffe6a369000 	C:\Program Files\Java\jdk-21\bin\jli.dll
0x00007ffe8b8a0000 - 0x00007ffe8b951000 	C:\WINDOWS\System32\ADVAPI32.dll
0x00007ffe8c0f0000 - 0x00007ffe8c18e000 	C:\WINDOWS\System32\msvcrt.dll
0x00007ffe8be70000 - 0x00007ffe8bf0f000 	C:\WINDOWS\System32\sechost.dll
0x00007ffe8b780000 - 0x00007ffe8b8a0000 	C:\WINDOWS\System32\RPCRT4.dll
0x00007ffe899b0000 - 0x00007ffe899d7000 	C:\WINDOWS\System32\bcrypt.dll
0x00007ffe8b5d0000 - 0x00007ffe8b771000 	C:\WINDOWS\System32\USER32.dll
0x00007ffe77700000 - 0x00007ffe7799b000 	C:\WINDOWS\WinSxS\amd64_microsoft.windows.common-controls_6595b64144ccf1df_6.0.19041.6456_none_60b8a6cb71f64256\COMCTL32.dll
0x00007ffe8a1c0000 - 0x00007ffe8a1e2000 	C:\WINDOWS\System32\win32u.dll
0x00007ffe8c0c0000 - 0x00007ffe8c0eb000 	C:\WINDOWS\System32\GDI32.dll
0x00007ffe89b60000 - 0x00007ffe89c79000 	C:\WINDOWS\System32\gdi32full.dll
0x00007ffe89860000 - 0x00007ffe898fd000 	C:\WINDOWS\System32\msvcp_win.dll
0x00007ffe83770000 - 0x00007ffe8377a000 	C:\WINDOWS\SYSTEM32\VERSION.dll
0x00007ffe8b960000 - 0x00007ffe8b98f000 	C:\WINDOWS\System32\IMM32.DLL
0x00007ffe69990000 - 0x00007ffe6999c000 	C:\Program Files\Java\jdk-21\bin\vcruntime140_1.dll
0x00007ffe69700000 - 0x00007ffe6978e000 	C:\Program Files\Java\jdk-21\bin\msvcp140.dll
0x00007ffe689f0000 - 0x00007ffe696fd000 	C:\Program Files\Java\jdk-21\bin\server\jvm.dll
0x00007ffe8bf10000 - 0x00007ffe8bf7b000 	C:\WINDOWS\System32\WS2_32.dll
0x00007ffe896c0000 - 0x00007ffe8970b000 	C:\WINDOWS\SYSTEM32\POWRPROF.dll
0x00007ffe779b0000 - 0x00007ffe779d7000 	C:\WINDOWS\SYSTEM32\WINMM.dll
0x00007ffe896a0000 - 0x00007ffe896b2000 	C:\WINDOWS\SYSTEM32\UMPDC.dll
0x00007ffe87700000 - 0x00007ffe87712000 	C:\WINDOWS\SYSTEM32\kernel.appcore.dll
0x00007ffe6a150000 - 0x00007ffe6a15a000 	C:\Program Files\Java\jdk-21\bin\jimage.dll
0x00007ffe83df0000 - 0x00007ffe83ff1000 	C:\WINDOWS\SYSTEM32\DBGHELP.DLL
0x00007ffe722f0000 - 0x00007ffe72324000 	C:\WINDOWS\SYSTEM32\dbgcore.DLL
0x00007ffe89f80000 - 0x00007ffe8a002000 	C:\WINDOWS\System32\bcryptPrimitives.dll
0x00007ffe6a000000 - 0x00007ffe6a01f000 	C:\Program Files\Java\jdk-21\bin\java.dll

dbghelp: loaded successfully - version: 4.0.5 - missing functions: none
symbol engine: initialized successfully - sym options: 0x614 - pdb path: .;C:\Program Files\Java\jdk-21\bin;C:\WINDOWS\SYSTEM32;C:\WINDOWS\WinSxS\amd64_microsoft.windows.common-controls_6595b64144ccf1df_6.0.19041.6456_none_60b8a6cb71f64256;C:\Program Files\Java\jdk-21\bin\server

VM Arguments:
jvm_args: -Dclassworlds.conf=C:\Users\Admin\Downloads\apache-maven-3.9.11\bin\m2.conf -Dmaven.home=C:\Users\Admin\Downloads\apache-maven-3.9.11 -Dlibrary.jansi.path=C:\Users\Admin\Downloads\apache-maven-3.9.11\lib\jansi-native -Dmaven.multiModuleProjectDirectory=C:\Users\Admin\E-Banking__3.0\account-service 
java_command: org.codehaus.plexus.classworlds.launcher.Launcher spring-boot:run
java_class_path (initial): C:\Users\Admin\Downloads\apache-maven-3.9.11\boot\plexus-classworlds-2.9.0.jar
Launcher Type: SUN_STANDARD

[Global flags]
     intx CICompilerCount                          = 3                                         {product} {ergonomic}
     uint ConcGCThreads                            = 1                                         {product} {ergonomic}
     uint G1ConcRefinementThreads                  = 4                                         {product} {ergonomic}
   size_t G1HeapRegionSize                         = 1048576                                   {product} {ergonomic}
    uintx GCDrainStackTargetSize                   = 64                                        {product} {ergonomic}
   size_t InitialHeapSize                          = 125829120                                 {product} {ergonomic}
   size_t MarkStackSize                            = 4194304                                   {product} {ergonomic}
   size_t MaxHeapSize                              = 1986002944                                {product} {ergonomic}
   size_t MinHeapDeltaBytes                        = 1048576                                   {product} {ergonomic}
   size_t MinHeapSize                              = 8388608                                   {product} {ergonomic}
    uintx NonNMethodCodeHeapSize                   = 5832780                                {pd product} {ergonomic}
    uintx NonProfiledCodeHeapSize                  = 122912730                              {pd product} {ergonomic}
    uintx ProfiledCodeHeapSize                     = 122912730                              {pd product} {ergonomic}
    uintx ReservedCodeCacheSize                    = 251658240                              {pd product} {ergonomic}
     bool SegmentedCodeCache                       = true                                      {product} {ergonomic}
   size_t SoftMaxHeapSize                          = 1986002944                             {manageable} {ergonomic}
     bool UseCompressedOops                        = true                           {product lp64_product} {ergonomic}
     bool UseG1GC                                  = true                                      {product} {ergonomic}
     bool UseLargePagesIndividualAllocation        = false                                  {pd product} {ergonomic}

Logging:
Log output configuration:
 #0: stdout all=warning uptime,level,tags foldmultilines=false
 #1: stderr all=off uptime,level,tags foldmultilines=false

Environment Variables:
PATH=C:\oraclexe\app\oracle\product\11.2.0\server\bin;C:\Python312\Scripts\;C:\Python312\;C:\Program Files\Common Files\Oracle\Java\javapath;C:\WINDOWS\system32;C:\WINDOWS;C:\WINDOWS\System32\Wbem;C:\WINDOWS\System32\WindowsPowerShell\v1.0\;C:\WINDOWS\System32\OpenSSH\;C:\Program Files (x86)\dotnet\;C:\Program Files\dotnet\;C:\Program Files\Microsoft SQL Server\150\Tools\Binn\;C:\Program Files\Microsoft SQL Server\Client SDK\ODBC\170\Tools\Binn\;C:\Program Files (x86)\Windows Kits\10\Windows Performance Toolkit\;C:\Users\Admin\Downloads\opencv\build\x64\vc16\bin;C:\ProgramData\chocolatey\bin;C:\Program Files\Git\cmd;C:\Program Files\Docker\Docker\resources\bin;C:\Program Files\Kubernetes\Minikube;C:\Users\Admin\Downloads\opencv\build\x64\vc16\bin;C:\Users\Admin\AppData\Roaming\Python\Python312\Scripts;C:\Users\Admin\AppData\Roaming\Python\Python312\Scripts\import_pb_to_tensorboard.exe;C:\Users\Admin\AppData\Roaming\Python\Python312\Scripts\tensorboard.exe;C:\Users\Admin\AppData\Roaming\Python\Python312\Scripts\tf_upgrade_v2.exe;C:\Users\Admin\AppData\Roaming\Python\Python312\Scripts\tflite_convert.exe;C:\Users\Admin\AppData\Roaming\Python\Python312\Scripts\toco.exe;C:\Users\Admin\AppData\Roaming\Python\Python312\Scripts\toco_from_protos.exe;C:\Users\Admin\AppData\Local\nvm;C:\nvm4w\nodejs;C:\Users\Admin\Downloads\sf-64.exe;C:\Program Files\nodejs;C:\Program Files\nodejs\node_modules\npm\bin;C:\Program Files\sf\bin;C:\Program Files\sf\bin\sfdx.cmd;C:\Program Files\dotnet\;C:\Program Files\dotnet\dotnet.exe;C:\Users\Admin\Downloads\jdk-21_windows-x64_bin.exe;C:\Users\Admin\Downloads\apache-maven-3.9.11\bin;C:\Program Files\MySQL\MySQL Shell 8.0\bin\;C:\Users\Admin\anaconda3;C:\Users\Admin\anaconda3\Library\mingw-w64\bin;C:\Users\Admin\anaconda3\Library\usr\bin;C:\Users\Admin\anaconda3\Library\bin;C:\Users\Admin\anaconda3\Scripts;C:\Users\Admin\AppData\Local\Programs\Python\Python311\Scripts\;C:\Users\Admin\AppData\Local\Programs\Python\Python311\;C:\Users\Admin\AppData\Local\Microsoft\WindowsApps;C:\Users\Admin\AppData\Local\Programs\Microsoft VS Code\bin;C:\msys64\mingw64\bin;C:\Users\Admin\Downloads\opencv\build\x64\vc16\bin;C:\Users\Admin\.dotnet\tools;C:\Users\Admin\AppData\Local\GitHubDesktop\bin;C:\Users\Admin\Downloads\opencv\build\x64\vc16\bin;C:\Users\Admin\Downloads\opencv\build\x64\vc16\lib;C:\Users\Admin\AppData\Local\nvm;C:\nvm4w\nodejs;C:\Users\Admin\AppData\Roaming\npm
USERNAME=Admin
OS=Windows_NT
PROCESSOR_IDENTIFIER=Intel64 Family 6 Model 78 Stepping 3, GenuineIntel
TMP=C:\Users\Admin\AppData\Local\Temp
TEMP=C:\Users\Admin\AppData\Local\Temp




Periodic native trim disabled

---------------  S Y S T E M  ---------------

OS:
 Windows 10 , 64 bit Build 19041 (10.0.19041.5915)
OS uptime: 0 days 19:18 hours
Hyper-V role detected

CPU: total 4 (initial active 4) (2 cores per cpu, 2 threads per core) family 6 model 78 stepping 3 microcode 0xcc, cx8, cmov, fxsr, ht, mmx, 3dnowpref, sse, sse2, sse3, ssse3, sse4.1, sse4.2, popcnt, lzcnt, tsc, tscinvbit, avx, avx2, aes, erms, clmul, bmi1, bmi2, rtm, adx, fma, vzeroupper, clflush, clflushopt, hv, rdtscp, f16c
Processor Information for all 4 processors :
  Max Mhz: 2496, Current Mhz: 798, Mhz Limit: 798

Memory: 4k page, system-wide physical 7572M (443M free)
TotalPageFile size 23817M (AvailPageFile size 101M)
current process WorkingSet (physical memory assigned to process): 10M, peak: 10M
current process commit charge ("private bytes"): 51M, peak: 171M

vm_info: Java HotSpot(TM) 64-Bit Server VM (21.0.3+7-LTS-152) for windows-amd64 JRE (21.0.3+7-LTS-152), built on 2024-03-11T17:42:26Z by "mach5one" with MS VC++ 17.6 (VS2022)

END.
